{
    "exp_name": "LegoOS-hello-world",
    "metadata": {},
    "start_time": 1704707081.4175165,
    "end_time": 1704712818.6571937,
    "sims": {
        "nic.scomponent.": {
            "class": "E1000NIC",
            "cmd": [
                "/home/yiliangw/disaggregation/LegoOS-sim/simbricks/sims/nic//e1000_gem5/e1000_gem5",
                "/home/yiliangw/disaggregation/LegoOS-sim/output/LegoOS-hello-world/0/dev.pci.scomponent.",
                "/home/yiliangw/disaggregation/LegoOS-sim/output/LegoOS-hello-world/0/nic.eth.scomponent.",
                "/home/yiliangw/disaggregation/LegoOS-sim/output/LegoOS-hello-world/0/dev.shm.scomponent.",
                "1",
                "0",
                "2000",
                "2000",
                "2000",
                "583412005452"
            ],
            "stdout": [],
            "stderr": [
                "mac_addr=583412005452",
                "sync_pci=1 sync_eth=1",
                "exit main_time: 5310915415000",
                "      h2d_poll_total:           646420255682         h2d_poll_suc:                3401439  poll_suc_rate: 0.000005",
                "                                                    h2d_poll_sync:                2645709  sync_rate: 0.777821",
                "      n2d_poll_total:           646420255682         n2d_poll_suc:                2655753  poll_suc_rate: 0.000004",
                "                                                    n2d_poll_sync:                2654956  sync_rate: 0.999700",
                "          recv_total:                6057192            recv_sync:                5300665  sync_rate: 0.875103",
                "    s_h2d_poll_total:                      0       s_h2d_poll_suc:                      0  poll_suc_rate: -nan",
                "                                                  s_h2d_poll_sync:                      0  sync_rate: -nan",
                "    s_n2d_poll_total:                      0       s_n2d_poll_suc:                      0  poll_suc_rate: -nan",
                "                                                  s_n2d_poll_sync:                      0  sync_rate: -nan",
                "        s_recv_total:                      0          s_recv_sync:                      0  sync_rate: -nan"
            ]
        },
        "nic.mcomponent.": {
            "class": "E1000NIC",
            "cmd": [
                "/home/yiliangw/disaggregation/LegoOS-sim/simbricks/sims/nic//e1000_gem5/e1000_gem5",
                "/home/yiliangw/disaggregation/LegoOS-sim/output/LegoOS-hello-world/0/dev.pci.mcomponent.",
                "/home/yiliangw/disaggregation/LegoOS-sim/output/LegoOS-hello-world/0/nic.eth.mcomponent.",
                "/home/yiliangw/disaggregation/LegoOS-sim/output/LegoOS-hello-world/0/dev.shm.mcomponent.",
                "1",
                "0",
                "2000",
                "2000",
                "2000",
                "573412005452"
            ],
            "stdout": [],
            "stderr": [
                "mac_addr=573412005452",
                "sync_pci=1 sync_eth=1",
                "exit main_time: 5310912831000",
                "      h2d_poll_total:           720046016727         h2d_poll_suc:                3650914  poll_suc_rate: 0.000005",
                "                                                    h2d_poll_sync:                2561106  sync_rate: 0.701497",
                "      n2d_poll_total:           720046016727         n2d_poll_suc:                2656315  poll_suc_rate: 0.000004",
                "                                                    n2d_poll_sync:                2654723  sync_rate: 0.999401",
                "          recv_total:                6307229            recv_sync:                5215829  sync_rate: 0.826960",
                "    s_h2d_poll_total:                      0       s_h2d_poll_suc:                      0  poll_suc_rate: -nan",
                "                                                  s_h2d_poll_sync:                      0  sync_rate: -nan",
                "    s_n2d_poll_total:                      0       s_n2d_poll_suc:                      0  poll_suc_rate: -nan",
                "                                                  s_n2d_poll_sync:                      0  sync_rate: -nan",
                "        s_recv_total:                      0          s_recv_sync:                      0  sync_rate: -nan"
            ]
        },
        "nic.pcomponent.": {
            "class": "E1000NIC",
            "cmd": [
                "/home/yiliangw/disaggregation/LegoOS-sim/simbricks/sims/nic//e1000_gem5/e1000_gem5",
                "/home/yiliangw/disaggregation/LegoOS-sim/output/LegoOS-hello-world/0/dev.pci.pcomponent.",
                "/home/yiliangw/disaggregation/LegoOS-sim/output/LegoOS-hello-world/0/nic.eth.pcomponent.",
                "/home/yiliangw/disaggregation/LegoOS-sim/output/LegoOS-hello-world/0/dev.shm.pcomponent.",
                "1",
                "0",
                "2000",
                "2000",
                "2000",
                "563412005452"
            ],
            "stdout": [],
            "stderr": [
                "mac_addr=563412005452",
                "sync_pci=1 sync_eth=1",
                "exit main_time: 5310916461000",
                "      h2d_poll_total:           702198381778         h2d_poll_suc:                3494427  poll_suc_rate: 0.000005",
                "                                                    h2d_poll_sync:                2376899  sync_rate: 0.680197",
                "      n2d_poll_total:           702198381778         n2d_poll_suc:                2655865  poll_suc_rate: 0.000004",
                "                                                    n2d_poll_sync:                2655026  sync_rate: 0.999684",
                "          recv_total:                6150292            recv_sync:                5031925  sync_rate: 0.818160",
                "    s_h2d_poll_total:                      0       s_h2d_poll_suc:                      0  poll_suc_rate: -nan",
                "                                                  s_h2d_poll_sync:                      0  sync_rate: -nan",
                "    s_n2d_poll_total:                      0       s_n2d_poll_suc:                      0  poll_suc_rate: -nan",
                "                                                  s_n2d_poll_sync:                      0  sync_rate: -nan",
                "        s_recv_total:                      0          s_recv_sync:                      0  sync_rate: -nan"
            ]
        },
        "net.": {
            "class": "SwitchNet",
            "cmd": [
                "/home/yiliangw/disaggregation/LegoOS-sim/simbricks/sims/net/switch/net_switch",
                "-S",
                "2000",
                "-E",
                "2000",
                "-s",
                "/home/yiliangw/disaggregation/LegoOS-sim/output/LegoOS-hello-world/0/nic.eth.pcomponent.",
                "-s",
                "/home/yiliangw/disaggregation/LegoOS-sim/output/LegoOS-hello-world/0/nic.eth.mcomponent.",
                "-s",
                "/home/yiliangw/disaggregation/LegoOS-sim/output/LegoOS-hello-world/0/nic.eth.scomponent."
            ],
            "stdout": [
                "start connecting...",
                "done connecting",
                "start polling"
            ],
            "stderr": [
                "Switch connecting to: /home/yiliangw/disaggregation/LegoOS-sim/output/LegoOS-hello-world/0/nic.eth.pcomponent.",
                "Switch connecting to: /home/yiliangw/disaggregation/LegoOS-sim/output/LegoOS-hello-world/0/nic.eth.mcomponent.",
                "Switch connecting to: /home/yiliangw/disaggregation/LegoOS-sim/output/LegoOS-hello-world/0/nic.eth.scomponent.",
                "      d2n_poll_total:          1719920004534         d2n_poll_suc:                7968126  poll_suc_rate: 0.000005",
                "                                                    d2n_poll_sync:                7964904  sync_rate: 0.999596",
                "    s_d2n_poll_total:                      0       s_d2n_poll_suc:                      0  poll_suc_rate: -nan",
                "                                                  s_d2n_poll_sync:                      0  sync_rate: -nan"
            ]
        },
        "host.scomponent": {
            "class": "LegoModuleQemuHost",
            "cmd": [
                "/home/yiliangw/disaggregation/LegoOS-sim/simbricks/sims/external/qemu/build/x86_64-softmmu/qemu-system-x86_64",
                "-machine",
                "q35",
                "-serial",
                "mon:stdio",
                "-cpu",
                "Skylake-Server",
                "-display",
                "none",
                "-nic",
                "none",
                "-m",
                "8G",
                "-smp",
                "8",
                "-kernel",
                "/home/yiliangw/disaggregation/LegoOS-sim/output/images/vmlinuz",
                "-drive",
                "file=/home/yiliangw/disaggregation/LegoOS-sim/output/LegoOS-hello-world/0/hdcopy.scomponent,if=ide,index=0,media=disk",
                "-drive",
                "file=/home/yiliangw/disaggregation/LegoOS-sim/output/LegoOS-hello-world/0/cfg.scomponent.tar,if=ide,index=1,media=disk,driver=raw",
                "-append",
                "earlyprintk=ttyS0 console=ttyS0 root=/dev/sda1 init=/simbricks/guestinit.sh rw",
                "-L",
                "/home/yiliangw/disaggregation/LegoOS-sim/simbricks/sims/external/qemu/pc-bios/",
                "-icount",
                "shift=-2,sleep=off",
                "-device",
                "simbricks-pci,socket=/home/yiliangw/disaggregation/LegoOS-sim/output/LegoOS-hello-world/0/dev.pci.scomponent.,sync=on,pci-latency=2000,sync-period=2000"
            ],
            "stdout": [
                "[    0.000000] Initializing cgroup subsys cpuset\r",
                "[    0.000000] Initializing cgroup subsys cpu\r",
                "[    0.000000] Initializing cgroup subsys cpuacct\r",
                "[    0.000000] Linux version 3.13.1 (root@0b7524654512) (gcc version 4.8.4 (Ubuntu 4.8.4-2ubuntu1~14.04.4) ) #1 SMP Mon Jan 8 08:06:02 UTC 2024\r",
                "[    0.000000] Command line: earlyprintk=ttyS0 console=ttyS0 root=/dev/sda1 init=/simbricks/guestinit.sh rw\r",
                "[    0.000000] KERNEL supported cpus:\r",
                "[    0.000000]   Intel GenuineIntel\r",
                "[    0.000000]   AMD AuthenticAMD\r",
                "[    0.000000]   Centaur CentaurHauls\r",
                "[    0.000000] e820: BIOS-provided physical RAM map:\r",
                "[    0.000000] BIOS-e820: [mem 0x0000000000000000-0x000000000009fbff] usable\r",
                "[    0.000000] BIOS-e820: [mem 0x000000000009fc00-0x000000000009ffff] reserved\r",
                "[    0.000000] BIOS-e820: [mem 0x00000000000f0000-0x00000000000fffff] reserved\r",
                "[    0.000000] BIOS-e820: [mem 0x0000000000100000-0x000000007ffddfff] usable\r",
                "[    0.000000] BIOS-e820: [mem 0x000000007ffde000-0x000000007fffffff] reserved\r",
                "[    0.000000] BIOS-e820: [mem 0x00000000b0000000-0x00000000bfffffff] reserved\r",
                "[    0.000000] BIOS-e820: [mem 0x00000000fed1c000-0x00000000fed1ffff] reserved\r",
                "[    0.000000] BIOS-e820: [mem 0x00000000fffc0000-0x00000000ffffffff] reserved\r",
                "[    0.000000] BIOS-e820: [mem 0x0000000100000000-0x000000027fffffff] usable\r",
                "[    0.000000] bootconsole [earlyser0] enabled\r",
                "[    0.000000] NX (Execute Disable) protection: active\r",
                "[    0.000000] SMBIOS 2.8 present.\r",
                "[    0.000000] No AGP bridge found\r",
                "[    0.000000] e820: last_pfn = 0x280000 max_arch_pfn = 0x400000000\r",
                "[    0.000000] x86 PAT enabled: cpu 0, old 0x7040600070406, new 0x7010600070106\r",
                "[    0.000000] e820: last_pfn = 0x7ffde max_arch_pfn = 0x400000000\r",
                "[    0.000000] found SMP MP-table at [mem 0x000f5a20-0x000f5a2f] mapped at [ffff8800000f5a20]\r",
                "[    0.000000] Scanning 1 areas for low memory corruption\r",
                "[    0.000000] Using GB pages for direct mapping\r",
                "[    0.000000] init_memory_mapping: [mem 0x00000000-0x000fffff]\r",
                "[    0.000000] init_memory_mapping: [mem 0x27fe00000-0x27fffffff]\r",
                "[    0.000000] init_memory_mapping: [mem 0x27c000000-0x27fdfffff]\r",
                "[    0.000000] init_memory_mapping: [mem 0x200000000-0x27bffffff]\r",
                "[    0.000000] init_memory_mapping: [mem 0x00100000-0x7ffddfff]\r",
                "[    0.000000] init_memory_mapping: [mem 0x100000000-0x1ffffffff]\r",
                "[    0.000000] ACPI: RSDP 00000000000f59e0 000014 (v00 BOCHS )\r",
                "[    0.000000] ACPI: RSDT 000000007ffe1fde 000038 (v01 BOCHS  BXPCRSDT 00000001 BXPC 00000001)\r",
                "[    0.000000] ACPI: FACP 000000007ffe1d9e 0000F4 (v03 BOCHS  BXPCFACP 00000001 BXPC 00000001)\r",
                "[    0.000000] ACPI: DSDT 000000007ffdfcc0 0020DE (v01 BOCHS  BXPCDSDT 00000001 BXPC 00000001)\r",
                "[    0.000000] ACPI: FACS 000000007ffdfc80 000040\r",
                "[    0.000000] ACPI: APIC 000000007ffe1e92 0000B0 (v01 BOCHS  BXPCAPIC 00000001 BXPC 00000001)\r",
                "[    0.000000] ACPI: HPET 000000007ffe1f42 000038 (v01 BOCHS  BXPCHPET 00000001 BXPC 00000001)\r",
                "[    0.000000] ACPI: MCFG 000000007ffe1f7a 00003C (v01 BOCHS  BXPCMCFG 00000001 BXPC 00000001)\r",
                "[    0.000000] ACPI: WAET 000000007ffe1fb6 000028 (v01 BOCHS  BXPCWAET 00000001 BXPC 00000001)\r",
                "[    0.000000] No NUMA configuration found\r",
                "[    0.000000] Faking a node at [mem 0x0000000000000000-0x000000027fffffff]\r",
                "[    0.000000] Initmem setup node 0 [mem 0x00000000-0x27fffffff]\r",
                "[    0.000000]   NODE_DATA [mem 0x27fff9000-0x27fffdfff]\r",
                "[    0.000000] Zone ranges:\r",
                "[    0.000000]   DMA      [mem 0x00001000-0x00ffffff]\r",
                "[    0.000000]   DMA32    [mem 0x01000000-0xffffffff]\r",
                "[    0.000000]   Normal   [mem 0x100000000-0x27fffffff]\r",
                "[    0.000000] Movable zone start for each node\r",
                "[    0.000000] Early memory node ranges\r",
                "[    0.000000]   node   0: [mem 0x00001000-0x0009efff]\r",
                "[    0.000000]   node   0: [mem 0x00100000-0x7ffddfff]\r",
                "[    0.000000]   node   0: [mem 0x100000000-0x27fffffff]\r",
                "[    0.000000] ACPI: PM-Timer IO Port: 0x608\r",
                "[    0.000000] ACPI: LAPIC (acpi_id[0x00] lapic_id[0x00] enabled)\r",
                "[    0.000000] ACPI: LAPIC (acpi_id[0x01] lapic_id[0x01] enabled)\r",
                "[    0.000000] ACPI: LAPIC (acpi_id[0x02] lapic_id[0x02] enabled)\r",
                "[    0.000000] ACPI: LAPIC (acpi_id[0x03] lapic_id[0x03] enabled)\r",
                "[    0.000000] ACPI: LAPIC (acpi_id[0x04] lapic_id[0x04] enabled)\r",
                "[    0.000000] ACPI: LAPIC (acpi_id[0x05] lapic_id[0x05] enabled)\r",
                "[    0.000000] ACPI: LAPIC (acpi_id[0x06] lapic_id[0x06] enabled)\r",
                "[    0.000000] ACPI: LAPIC (acpi_id[0x07] lapic_id[0x07] enabled)\r",
                "[    0.000000] ACPI: LAPIC_NMI (acpi_id[0xff] dfl dfl lint[0x1])\r",
                "[    0.000000] ACPI: IOAPIC (id[0x00] address[0xfec00000] gsi_base[0])\r",
                "[    0.000000] IOAPIC[0]: apic_id 0, version 32, address 0xfec00000, GSI 0-23\r",
                "[    0.000000] ACPI: INT_SRC_OVR (bus 0 bus_irq 0 global_irq 2 dfl dfl)\r",
                "[    0.000000] ACPI: INT_SRC_OVR (bus 0 bus_irq 5 global_irq 5 high level)\r",
                "[    0.000000] ACPI: INT_SRC_OVR (bus 0 bus_irq 9 global_irq 9 high level)\r",
                "[    0.000000] ACPI: INT_SRC_OVR (bus 0 bus_irq 10 global_irq 10 high level)\r",
                "[    0.000000] ACPI: INT_SRC_OVR (bus 0 bus_irq 11 global_irq 11 high level)\r",
                "[    0.000000] Using ACPI (MADT) for SMP configuration information\r",
                "[    0.000000] ACPI: HPET id: 0x8086a201 base: 0xfed00000\r",
                "[    0.000000] smpboot: Allowing 8 CPUs, 0 hotplug CPUs\r",
                "[    0.000000] PM: Registered nosave memory: [mem 0x0009f000-0x0009ffff]\r",
                "[    0.000000] PM: Registered nosave memory: [mem 0x000a0000-0x000effff]\r",
                "[    0.000000] PM: Registered nosave memory: [mem 0x000f0000-0x000fffff]\r",
                "[    0.000000] PM: Registered nosave memory: [mem 0x7ffde000-0x7fffffff]\r",
                "[    0.000000] PM: Registered nosave memory: [mem 0x80000000-0xafffffff]\r",
                "[    0.000000] PM: Registered nosave memory: [mem 0xb0000000-0xbfffffff]\r",
                "[    0.000000] PM: Registered nosave memory: [mem 0xc0000000-0xfed1bfff]\r",
                "[    0.000000] PM: Registered nosave memory: [mem 0xfed1c000-0xfed1ffff]\r",
                "[    0.000000] PM: Registered nosave memory: [mem 0xfed20000-0xfffbffff]\r",
                "[    0.000000] PM: Registered nosave memory: [mem 0xfffc0000-0xffffffff]\r",
                "[    0.000000] e820: [mem 0xc0000000-0xfed1bfff] available for PCI devices\r",
                "[    0.000000] Booting paravirtualized kernel on bare hardware\r",
                "[    0.000000] setup_percpu: NR_CPUS:256 nr_cpumask_bits:256 nr_cpu_ids:8 nr_node_ids:1\r",
                "[    0.000000] PERCPU: Embedded 29 pages/cpu @ffff88027fc00000 s86336 r8192 d24256 u262144\r",
                "[    0.000000] Built 1 zonelists in Zone order, mobility grouping on.  Total pages: 2064231\r",
                "[    0.000000] Policy zone: Normal\r",
                "[    0.000000] Kernel command line: earlyprintk=ttyS0 console=ttyS0 root=/dev/sda1 init=/simbricks/guestinit.sh rw\r",
                "[    0.000000] PID hash table entries: 4096 (order: 3, 32768 bytes)\r",
                "[    0.000000] xsave: enabled xstate_bv 0x7, cntxt size 0x340\r",
                "[    0.000000] Checking aperture...\r",
                "[    0.000000] No AGP bridge found\r",
                "[    0.000000] Memory: 8173324K/8388080K available (7669K kernel code, 1179K rwdata, 3552K rodata, 1360K init, 1448K bss, 214756K reserved)\r",
                "[    0.000000] SLUB: HWalign=64, Order=0-3, MinObjects=0, CPUs=8, Nodes=1\r",
                "[    0.000000] Hierarchical RCU implementation.\r",
                "[    0.000000] \tRCU dyntick-idle grace-period acceleration is enabled.\r",
                "[    0.000000] \tRCU restricting CPUs from NR_CPUS=256 to nr_cpu_ids=8.\r",
                "[    0.000000] \tOffload RCU callbacks from all CPUs\r",
                "[    0.000000] \tOffload RCU callbacks from CPUs: 0-7.\r",
                "[    0.000000] NR_IRQS:16640 nr_irqs:744 16\r",
                "[    0.000000] Console: colour VGA+ 80x25\r",
                "[    0.000000] console [ttyS0] enabled\r",
                "[    0.000000] console [ttyS0] enabled\r",
                "[    0.000000] bootconsole [earlyser0] disabled\r",
                "[    0.000000] bootconsole [earlyser0] disabled\r",
                "[    0.000000] allocated 33554432 bytes of page_cgroup\r",
                "[    0.000000] please try 'cgroup_disable=memory' option if you don't want memory cgroups\r",
                "[    0.000000] tsc: Fast TSC calibration using PIT\r",
                "[    0.000000] tsc: Detected 999.989 MHz processor\r",
                "[    0.000000] Calibrating delay loop (skipped), value calculated using timer frequency.. 1999.97 BogoMIPS (lpj=3999956)\r",
                "[    0.000004] pid_max: default: 32768 minimum: 301\r",
                "[    0.000021] Security Framework initialized\r",
                "[    0.000029] AppArmor: AppArmor initialized\r",
                "[    0.000031] Yama: becoming mindful.\r",
                "[    0.000547] Dentry cache hash table entries: 1048576 (order: 11, 8388608 bytes)\r",
                "[    0.003157] Inode-cache hash table entries: 524288 (order: 10, 4194304 bytes)\r",
                "[    0.008777] Mount-cache hash table entries: 256\r",
                "[    0.008872] Initializing cgroup subsys memory\r",
                "[    0.008876] Initializing cgroup subsys devices\r",
                "[    0.008878] Initializing cgroup subsys freezer\r",
                "[    0.008880] Initializing cgroup subsys blkio\r",
                "[    0.008882] Initializing cgroup subsys perf_event\r",
                "[    0.008885] Initializing cgroup subsys hugetlb\r",
                "[    0.008891] CPU: Physical Processor ID: 0\r",
                "[    0.008908] mce: CPU supports 10 MCE banks\r",
                "[    0.008911] Last level iTLB entries: 4KB 0, 2MB 0, 4MB 0\r",
                "[    0.008911] Last level dTLB entries: 4KB 0, 2MB 0, 4MB 0\r",
                "[    0.008911] tlb_flushall_shift: 6\r",
                "[    0.009017] Freeing SMP alternatives memory: 28K (ffffffff81e7c000 - ffffffff81e83000)\r",
                "[    0.009252] ACPI: Core revision 20131115\r",
                "[    0.009781] ACPI: All ACPI Tables successfully acquired\r",
                "[    0.009785] ftrace: allocating 29504 entries in 116 pages\r",
                "[    0.026109] ..TIMER: vector=0x30 apic1=0 pin1=2 apic2=-1 pin2=-1\r",
                "[    0.105792] smpboot: CPU0: Intel Xeon Processor (Skylake) (fam: 06, model: 55, stepping: 04)\r",
                "[    0.108000] APIC calibration not consistent with PM-Timer: 51ms instead of 100ms\r",
                "[    0.108000] APIC delta adjusted to PM-Timer: 6249983 (3249990)\r",
                "[    0.108000] Performance Events: unsupported p6 CPU model 85 no PMU driver, software events only.\r",
                "[    0.108000] x86: Booting SMP configuration:\r",
                "[    0.108000] .... node  #0, CPUs:      #1[    0.116626] NMI watchdog: disabled (cpu0): hardware events not enabled\r",
                " #2 #3 #4 #5 #6 #7\r",
                "[    0.752026] x86: Booted up 1 node, 8 CPUs\r",
                "[    0.752029] smpboot: Total of 8 processors activated (16000.10 BogoMIPS)\r",
                "[    0.752067] devtmpfs: initialized\r",
                "[    0.756755] EVM: security.selinux\r",
                "[    0.756757] EVM: security.SMACK64\r",
                "[    0.756759] EVM: security.ima\r",
                "[    0.756760] EVM: security.capability\r",
                "[    0.756853] pinctrl core: initialized pinctrl subsystem\r",
                "[    0.756893] regulator-dummy: no parameters\r",
                "[    0.756901] RTC time:  9:58:10, date: 01/08/24\r",
                "[    0.756927] NET: Registered protocol family 16\r",
                "[    0.757029] cpuidle: using governor ladder\r",
                "[    0.757031] cpuidle: using governor menu\r",
                "[    0.757070] ACPI: bus type PCI registered\r",
                "[    0.757072] acpiphp: ACPI Hot Plug PCI Controller Driver version: 0.5\r",
                "[    0.757109] PCI: MMCONFIG for domain 0000 [bus 00-ff] at [mem 0xb0000000-0xbfffffff] (base 0xb0000000)\r",
                "[    0.757112] PCI: MMCONFIG at [mem 0xb0000000-0xbfffffff] reserved in E820\r",
                "[    0.761499] PCI: Using configuration type 1 for base access\r",
                "[    0.761750] mtrr: your CPUs had inconsistent fixed MTRR settings\r",
                "[    0.761752] mtrr: your CPUs had inconsistent variable MTRR settings\r",
                "[    0.761755] mtrr: your CPUs had inconsistent MTRRdefType settings\r",
                "[    0.761757] mtrr: probably your BIOS does not setup all CPUs.\r",
                "[    0.761759] mtrr: corrected configuration.\r",
                "[    0.762691] bio: create slab <bio-0> at 0\r",
                "[    0.762691] ACPI: Added _OSI(Module Device)\r",
                "[    0.762691] ACPI: Added _OSI(Processor Device)\r",
                "[    0.762691] ACPI: Added _OSI(3.0 _SCP Extensions)\r",
                "[    0.762691] ACPI: Added _OSI(Processor Aggregator Device)\r",
                "[    0.764856] ACPI: Interpreter enabled\r",
                "[    0.764858] ACPI Exception: AE_NOT_FOUND, While evaluating Sleep State [\\_S1_] (20131115/hwxface-580)\r",
                "[    0.764863] ACPI Exception: AE_NOT_FOUND, While evaluating Sleep State [\\_S2_] (20131115/hwxface-580)\r",
                "[    0.764873] ACPI: (supports S0 S3 S4 S5)\r",
                "[    0.764875] ACPI: Using IOAPIC for interrupt routing\r",
                "[    0.764888] PCI: Using host bridge windows from ACPI; if necessary, use \"pci=nocrs\" and report a bug\r",
                "[    0.764930] ACPI: No dock devices found.\r",
                "[    0.766437] ACPI: PCI Root Bridge [PCI0] (domain 0000 [bus 00-ff])\r",
                "[    0.766441] acpi PNP0A08:00: _OSC: OS supports [ExtendedConfig ASPM ClockPM Segments MSI]\r",
                "[    0.766526] acpi PNP0A08:00: _OSC: OS now controls [PCIeHotplug PME AER PCIeCapability]\r",
                "[    0.766579] PCI host bridge to bus 0000:00\r",
                "[    0.766582] pci_bus 0000:00: root bus resource [bus 00-ff]\r",
                "[    0.766585] pci_bus 0000:00: root bus resource [io  0x0000-0x0cf7]\r",
                "[    0.766588] pci_bus 0000:00: root bus resource [io  0x0d00-0xffff]\r",
                "[    0.766591] pci_bus 0000:00: root bus resource [mem 0x000a0000-0x000bffff]\r",
                "[    0.766595] pci_bus 0000:00: root bus resource [mem 0x80000000-0xafffffff]\r",
                "[    0.766598] pci_bus 0000:00: root bus resource [mem 0xc0000000-0xfebfffff]\r",
                "[    0.766602] pci_bus 0000:00: root bus resource [mem 0x280000000-0xa7fffffff]\r",
                "[    0.766713] pci 0000:00:1f.0: quirk: [io  0x0600-0x067f] claimed by ICH6 ACPI/GPIO/TCO\r",
                "[    0.766888] ACPI: PCI Interrupt Link [LNKA] (IRQs 5 *10 11)\r",
                "[    0.766924] ACPI: PCI Interrupt Link [LNKB] (IRQs 5 *10 11)\r",
                "[    0.766959] ACPI: PCI Interrupt Link [LNKC] (IRQs 5 10 *11)\r",
                "[    0.766994] ACPI: PCI Interrupt Link [LNKD] (IRQs 5 10 *11)\r",
                "[    0.767029] ACPI: PCI Interrupt Link [LNKE] (IRQs 5 *10 11)\r",
                "[    0.767064] ACPI: PCI Interrupt Link [LNKF] (IRQs 5 *10 11)\r",
                "[    0.767100] ACPI: PCI Interrupt Link [LNKG] (IRQs 5 10 *11)\r",
                "[    0.767135] ACPI: PCI Interrupt Link [LNKH] (IRQs 5 10 *11)\r",
                "[    0.767150] ACPI: PCI Interrupt Link [GSIA] (IRQs *16)\r",
                "[    0.767160] ACPI: PCI Interrupt Link [GSIB] (IRQs *17)\r",
                "[    0.767170] ACPI: PCI Interrupt Link [GSIC] (IRQs *18)\r",
                "[    0.767179] ACPI: PCI Interrupt Link [GSID] (IRQs *19)\r",
                "[    0.767189] ACPI: PCI Interrupt Link [GSIE] (IRQs *20)\r",
                "[    0.767199] ACPI: PCI Interrupt Link [GSIF] (IRQs *21)\r",
                "[    0.767209] ACPI: PCI Interrupt Link [GSIG] (IRQs *22)\r",
                "[    0.767219] ACPI: PCI Interrupt Link [GSIH] (IRQs *23)\r",
                "[    0.767375] ACPI: Enabled 1 GPEs in block 00 to 3F\r",
                "[    0.767436] vgaarb: device added: PCI:0000:00:01.0,decodes=io+mem,owns=io+mem,locks=none\r",
                "[    0.767436] vgaarb: loaded\r",
                "[    0.767436] vgaarb: bridge control possible 0000:00:01.0\r",
                "[    0.767436] SCSI subsystem initialized\r",
                "[    0.767436] ACPI: bus type USB registered\r",
                "[    0.767436] usbcore: registered new interface driver usbfs\r",
                "[    0.767436] usbcore: registered new interface driver hub\r",
                "[    0.767436] usbcore: registered new device driver usb\r",
                "[    0.767436] PCI: Using ACPI for IRQ routing\r",
                "[    0.768106] NetLabel: Initializing\r",
                "[    0.768108] NetLabel:  domain hash size = 128\r",
                "[    0.768110] NetLabel:  protocols = UNLABELED CIPSOv4\r",
                "[    0.768118] NetLabel:  unlabeled traffic allowed by default\r",
                "[    0.768125] hpet0: at MMIO 0xfed00000, IRQs 2, 8, 0\r",
                "[    0.768125] hpet0: 3 comparators, 64-bit 100.000000 MHz counter\r",
                "[    0.770047] Switched to clocksource hpet\r",
                "[    0.771407] AppArmor: AppArmor Filesystem Enabled\r",
                "[    0.771415] pnp: PnP ACPI init\r",
                "[    0.771422] ACPI: bus type PNP registered\r",
                "[    0.771679] pnp: PnP ACPI: found 8 devices\r",
                "[    0.771681] ACPI: bus type PNP unregistered\r",
                "[    0.777264] NET: Registered protocol family 2\r",
                "[    0.777364] TCP established hash table entries: 65536 (order: 7, 524288 bytes)\r",
                "[    0.777576] TCP bind hash table entries: 65536 (order: 8, 1048576 bytes)\r",
                "[    0.777743] TCP: Hash tables configured (established 65536 bind 65536)\r",
                "[    0.777779] TCP: reno registered\r",
                "[    0.777789] UDP hash table entries: 4096 (order: 5, 131072 bytes)\r",
                "[    0.777830] UDP-Lite hash table entries: 4096 (order: 5, 131072 bytes)\r",
                "[    0.777902] NET: Registered protocol family 1\r",
                "[    0.777930] PCI-DMA: Using software bounce buffering for IO (SWIOTLB)\r",
                "[    0.777933] software IO TLB [mem 0x7bfde000-0x7ffde000] (64MB) mapped at [ffff88007bfde000-ffff88007ffddfff]\r",
                "[    0.777959] kvm: no hardware support\r",
                "[    0.778124] microcode: CPU0 sig=0x50654, pf=0x1, revision=0x1\r",
                "[    0.778128] microcode: CPU1 sig=0x50654, pf=0x1, revision=0x1\r",
                "[    0.778132] microcode: CPU2 sig=0x50654, pf=0x1, revision=0x1\r",
                "[    0.778137] microcode: CPU3 sig=0x50654, pf=0x1, revision=0x1\r",
                "[    0.778141] microcode: CPU4 sig=0x50654, pf=0x1, revision=0x1\r",
                "[    0.778145] microcode: CPU5 sig=0x50654, pf=0x1, revision=0x1\r",
                "[    0.778149] microcode: CPU6 sig=0x50654, pf=0x1, revision=0x1\r",
                "[    0.778153] microcode: CPU7 sig=0x50654, pf=0x1, revision=0x1\r",
                "[    0.778173] microcode: Microcode Update Driver: v2.00 <tigran@aivazian.fsnet.co.uk>, Peter Oruba\r",
                "[    0.778176] Scanning for low memory corruption every 60 seconds\r",
                "[    0.778578] Initialise system trusted keyring\r",
                "[    0.778607] audit: initializing netlink socket (disabled)\r",
                "[    0.778611] type=2000 audit(1704707185.776:1): initialized\r",
                "[    0.801072] HugeTLB registered 2 MB page size, pre-allocated 0 pages\r",
                "[    0.802176] zbud: loaded\r",
                "[    0.802270] VFS: Disk quotas dquot_6.5.2\r",
                "[    0.802305] Dquot-cache hash table entries: 512 (order 0, 4096 bytes)\r",
                "[    0.802652] fuse init (API version 7.22)\r",
                "[    0.802699] 9p: Installing v9fs 9p2000 file system support\r",
                "[    0.802719] msgmni has been set to 15963\r",
                "[    0.802760] Key type big_key registered\r",
                "[    0.802919] Key type asymmetric registered\r",
                "[    0.802922] Asymmetric key parser 'x509' registered\r",
                "[    0.802945] Block layer SCSI generic (bsg) driver version 0.4 loaded (major 252)\r",
                "[    0.802973] io scheduler noop registered\r",
                "[    0.802978] io scheduler deadline registered (default)\r",
                "[    0.802997] io scheduler cfq registered\r",
                "[    0.803037] pci_hotplug: PCI Hot Plug PCI Core version: 0.5\r",
                "[    0.803049] pciehp: PCI Express Hot Plug Controller Driver version: 0.4\r",
                "[    0.803088] ipmi message handler version 39.2\r",
                "[    0.803124] input: Power Button as /devices/LNXSYSTM:00/LNXPWRBN:00/input/input0\r",
                "[    0.803127] ACPI: Power Button [PWRF]\r",
                "[    0.803168] GHES: HEST is not enabled!\r",
                "[    0.803210] Serial: 8250/16550 driver, 32 ports, IRQ sharing enabled\r",
                "[    0.823089] 00:03: ttyS0 at I/O 0x3f8 (irq = 4, base_baud = 115200) is a 16550A\r",
                "[    0.823927] ppdev: user-space parallel port driver\r",
                "[    0.823931] Linux agpgart interface v0.103\r",
                "[    0.823978] parport_pc 00:02: reported by Plug and Play ACPI\r",
                "[    0.823980] parport0: PC-style at 0x378, irq 7 [PCSPP,TRISTATE]\r",
                "[    0.921108] brd: module loaded\r",
                "[    0.921645] loop: module loaded\r",
                "[    0.921938] ACPI: PCI Interrupt Link [GSIA] enabled at IRQ 16\r",
                "[    0.921987] ahci 0000:00:1f.2: AHCI 0001.0000 32 slots 6 ports 1.5 Gbps 0x3f impl SATA mode\r",
                "[    0.921991] ahci 0000:00:1f.2: flags: 64bit ncq only \r",
                "[    0.922632] scsi0 : ahci\r",
                "[    0.922670] scsi1 : ahci\r",
                "[    0.922706] scsi2 : ahci\r",
                "[    0.922741] scsi3 : ahci\r",
                "[    0.922778] scsi4 : ahci\r",
                "[    0.922813] scsi5 : ahci\r",
                "[    0.922844] ata1: SATA max UDMA/133 abar m4096@0xfebf1000 port 0xfebf1100 irq 40\r",
                "[    0.922847] ata2: SATA max UDMA/133 abar m4096@0xfebf1000 port 0xfebf1180 irq 40\r",
                "[    0.922850] ata3: SATA max UDMA/133 abar m4096@0xfebf1000 port 0xfebf1200 irq 40\r",
                "[    0.922853] ata4: SATA max UDMA/133 abar m4096@0xfebf1000 port 0xfebf1280 irq 40\r",
                "[    0.922856] ata5: SATA max UDMA/133 abar m4096@0xfebf1000 port 0xfebf1300 irq 40\r",
                "[    0.922859] ata6: SATA max UDMA/133 abar m4096@0xfebf1000 port 0xfebf1380 irq 40\r",
                "[    0.923192] libphy: Fixed MDIO Bus: probed\r",
                "[    0.923283] tun: Universal TUN/TAP device driver, 1.6\r",
                "[    0.923286] tun: (C) 1999-2004 Max Krasnyansky <maxk@qualcomm.com>\r",
                "[    0.923308] PPP generic driver version 2.4.2\r",
                "[    0.923331] ehci_hcd: USB 2.0 'Enhanced' Host Controller (EHCI) Driver\r",
                "[    0.923334] ehci-pci: EHCI PCI platform driver\r",
                "[    0.923341] ehci-platform: EHCI generic platform driver\r",
                "[    0.923348] ohci_hcd: USB 1.1 'Open' Host Controller (OHCI) Driver\r",
                "[    0.923350] ohci-pci: OHCI PCI platform driver\r",
                "[    0.923357] ohci-platform: OHCI generic platform driver\r",
                "[    0.923363] uhci_hcd: USB Universal Host Controller Interface driver\r",
                "[    0.923398] i8042: PNP: PS/2 Controller [PNP0303:KBD,PNP0f13:MOU] at 0x60,0x64 irq 1,12\r",
                "[    0.923570] serio: i8042 KBD port at 0x60,0x64 irq 1\r",
                "[    0.923573] serio: i8042 AUX port at 0x60,0x64 irq 12\r",
                "[    0.923640] mousedev: PS/2 mouse device common for all mice\r",
                "[    0.923702] input: AT Translated Set 2 keyboard as /devices/platform/i8042/serio0/input/input1\r",
                "[    0.923826] rtc_cmos 00:04: RTC can wake from S4\r",
                "[    0.923855] rtc_cmos 00:04: rtc core: registered rtc_cmos as rtc0\r",
                "[    0.923860] rtc_cmos 00:04: alarms up to one day, y3k, 242 bytes nvram, hpet irqs\r",
                "[    0.923904] device-mapper: uevent: version 1.0.3\r",
                "[    0.923940] device-mapper: ioctl: 4.27.0-ioctl (2013-10-30) initialised: dm-devel@redhat.com\r",
                "[    0.923963] ledtrig-cpu: registered to indicate activity on CPUs\r",
                "[    0.924026] TCP: cubic registered\r",
                "[    0.924105] NET: Registered protocol family 10\r",
                "[    0.924218] NET: Registered protocol family 17\r",
                "[    0.924227] 9pnet: Installing 9P2000 support\r",
                "[    0.924235] Key type dns_resolver registered\r",
                "[    0.924435] Loading compiled-in X.509 certificates\r",
                "[    0.925593] Loaded X.509 cert 'Magrathea: Glacier signing key: 1c1f96b24eac804b4eaf9e202bd2719c66b06070'\r",
                "[    0.925599] registered taskstats version 1\r",
                "[    0.925802] Key type trusted registered\r",
                "[    0.925861] Key type encrypted registered\r",
                "[    0.925922] AppArmor: AppArmor sha1 policy hashing enabled\r",
                "[    0.925926] IMA: No TPM chip found, activating TPM-bypass!\r",
                "[    0.925980]   Magic number: 8:963:979\r",
                "[    0.925995] rtc_cmos 00:04: setting system clock to 2024-01-08 09:59:04 UTC (1704707944)\r",
                "[    0.926023] BIOS EDD facility v0.16 2004-Jun-25, 0 devices found\r",
                "[    0.926025] EDD information not available.\r",
                "[    1.240004] ata4: SATA link down (SStatus 0 SControl 300)\r",
                "[    1.240008] ata6: SATA link down (SStatus 0 SControl 300)\r",
                "[    1.240013] ata1: SATA link up 1.5 Gbps (SStatus 113 SControl 300)\r",
                "[    1.240018] ata5: SATA link down (SStatus 0 SControl 300)\r",
                "[    1.240024] ata1.00: ATA-7: QEMU HARDDISK, 2.5+, max UDMA/100\r",
                "[    1.240027] ata1.00: 83886080 sectors, multi 16: LBA48 NCQ (depth 31/32)\r",
                "[    1.240030] ata1.00: applying bridge limits\r",
                "[    1.240037] ata1.00: configured for UDMA/100\r",
                "[    1.240041] ata2: SATA link up 1.5 Gbps (SStatus 113 SControl 300)\r",
                "[    1.240050] ata3: SATA link up 1.5 Gbps (SStatus 113 SControl 300)\r",
                "[    1.240063] ata2.00: ATA-7: QEMU HARDDISK, 2.5+, max UDMA/100\r",
                "[    1.240070] ata2.00: 3960 sectors, multi 16: LBA48 NCQ (depth 31/32)\r",
                "[    1.240078] ata2.00: applying bridge limits\r",
                "[    1.240089] ata3.00: ATAPI: QEMU DVD-ROM, 2.5+, max UDMA/100\r",
                "[    1.240097] ata3.00: applying bridge limits\r",
                "[    1.240116] ata3.00: configured for UDMA/100\r",
                "[    1.240132] scsi 0:0:0:0: Direct-Access     ATA      QEMU HARDDISK    2.5+ PQ: 0 ANSI: 5\r",
                "[    1.240135] ata2.00: configured for UDMA/100\r",
                "[    1.240230] sd 0:0:0:0: [sda] 83886080 512-byte logical blocks: (42.9 GB/40.0 GiB)\r",
                "[    1.240241] sd 0:0:0:0: Attached scsi generic sg0 type 0\r",
                "[    1.240335] scsi 1:0:0:0: Direct-Access     ATA      QEMU HARDDISK    2.5+ PQ: 0 ANSI: 5\r",
                "[    1.240398] sd 1:0:0:0: [sdb] 3960 512-byte logical blocks: (2.02 MB/1.93 MiB)\r",
                "[    1.240445] sd 0:0:0:0: [sda] Write Protect is off\r",
                "[    1.240445] sd 1:0:0:0: [sdb] Write Protect is off\r",
                "[    1.240461] sd 1:0:0:0: [sdb] Write cache: enabled, read cache: enabled, doesn't support DPO or FUA\r",
                "[    1.240476] sd 0:0:0:0: [sda] Write cache: enabled, read cache: enabled, doesn't support DPO or FUA\r",
                "[    1.240566] sd 1:0:0:0: Attached scsi generic sg1 type 0\r",
                "[    1.240712] scsi 2:0:0:0: CD-ROM            QEMU     QEMU DVD-ROM     2.5+ PQ: 0 ANSI: 5\r",
                "[    1.240819] sr0: scsi3-mmc drive: 4x/4x cd/rw xa/form2 tray\r",
                "[    1.240824] cdrom: Uniform CD-ROM driver Revision: 3.20\r",
                "[    1.240843]  sdb: unknown partition table\r",
                "[    1.240950] sd 1:0:0:0: [sdb] Attached SCSI disk\r",
                "[    1.241043] sr 2:0:0:0: Attached scsi generic sg2 type 5\r",
                "[    1.241094]  sda: sda1\r",
                "[    1.241189] sd 0:0:0:0: [sda] Attached SCSI disk\r",
                "[    1.776002] tsc: Refined TSC clocksource calibration: 999.999 MHz\r",
                "[    1.952039] input: ImExPS/2 Generic Explorer Mouse as /devices/platform/i8042/serio1/input/input3\r",
                "[    1.952081] md: Waiting for all devices to be available before autodetect\r",
                "[    1.952083] md: If you don't use raid, use raid=noautodetect\r",
                "[    1.952161] md: Autodetecting RAID arrays.\r",
                "[    1.952163] md: Scanned 0 and added 0 devices.\r",
                "[    1.952165] md: autorun ...\r",
                "[    1.952166] md: ... autorun DONE.\r",
                "[    1.952206] EXT4-fs (sda1): couldn't mount as ext3 due to feature incompatibilities\r",
                "[    1.952244] EXT4-fs (sda1): couldn't mount as ext2 due to feature incompatibilities\r",
                "[    1.953597] EXT4-fs (sda1): mounted filesystem with ordered data mode. Opts: (null)\r",
                "[    1.953601] VFS: Mounted root (ext4 filesystem) on device 8:1.\r",
                "[    1.953716] devtmpfs: mounted\r",
                "[    1.955109] Freeing unused kernel memory: 1360K (ffffffff81d28000 - ffffffff81e7c000)\r",
                "[    1.955112] Write protecting the kernel read-only data: 12288k\r",
                "[    1.957128] Freeing unused kernel memory: 508K (ffff880001781000 - ffff880001800000)\r",
                "[    1.959072] Freeing unused kernel memory: 544K (ffff880001b78000 - ffff880001c00000)\r",
                "+ export HOME=/root\r",
                "+ export LANG=en_US\r",
                "+ export PATH=/usr/local/sbin:/usr/local/bin:/usr/sbin:/usr/bin:/sbin:/bin:/usr/games:/usr/local/games\r",
                "+ echo ready to checkpoint\r",
                "ready to checkpoint\r",
                "+ insmod /tmp/guest/modules/ethfit.ko\r",
                "[    1.966556] ethfit: module verification failed: signature and/or  required key missing - tainting kernel\r",
                "[    1.969000] ACPI: PCI Interrupt Link [GSIG] enabled at IRQ 22\r",
                "[    1.969071] E1000: Set mac address to 00:00:00:00:00:00\r",
                "[    1.969096] FIT: netif name: en\r",
                "[    1.969097] FIT: netif ip: 10.0.2.17\r",
                "[    1.969099] FIT: netif netmask: 255.255.255.0\r",
                "[    1.969101] FIT: netif gateway: 10.0.2.2\r",
                "[    1.969103] FIT: netif mac: 00:00:00:00:00:00\r",
                "[    1.969121] FIT: netif initialized\r",
                "[    1.969123] FIT: Initalized\r",
                "[    1.969166] FIT: Dispatched FIT polling thread.\r",
                "[    1.972160] ethfit: init\r",
                "+ insmod /tmp/guest/modules/storage.ko\r",
                "[    1.972923] storage_self_monitor(): in_handler=0\r",
                "[    1.972929] handle_replica_flush: 0\r",
                "[    1.972934] handle_replica_vma: 0\r",
                "[    1.972938] handle_replica_read: 0\r",
                "[    1.972941] handle_replica_write: 0\r",
                "+ sleep infinity\r",
                "[    2.560688] FIT: In Call [1:2](0)\r",
                "[    2.560756] FIT: Out Reply [1:2](0) errno=0\r",
                "[    2.560888] FIT: In Call [1:2](1)\r",
                "[    2.560957] FIT: Out Reply [1:2](1) errno=0\r",
                "[    2.561080] FIT: In Call [1:2](2)\r",
                "[    2.561148] FIT: Out Reply [1:2](2) errno=0\r",
                "[    2.561272] FIT: In Call [1:2](3)\r",
                "[    2.561340] FIT: Out Reply [1:2](3) errno=0\r",
                "[    2.561464] FIT: In Call [1:2](4)\r",
                "[    2.561532] FIT: Out Reply [1:2](4) errno=0\r",
                "[    2.561664] FIT: In Call [1:2](5)\r",
                "[    2.561777] FIT: Out Reply [1:2](5) errno=0\r",
                "[    2.562201] FIT: In Call [1:2](6)\r",
                "[    2.562306] FIT: Out Reply [1:2](6) errno=0\r",
                "[    2.562739] FIT: In Call [1:2](7)\r",
                "[    2.562843] FIT: Out Reply [1:2](7) errno=0\r",
                "[    2.563781] FIT: In Call [1:2](8)\r",
                "[    2.563886] FIT: Out Reply [1:2](8) errno=0\r",
                "[    2.564833] FIT: In Call [1:2](9)\r",
                "[    2.564938] FIT: Out Reply [1:2](9) errno=0\r",
                "[    2.565532] FIT: In Call [1:2](10)\r",
                "[    2.565636] FIT: Out Reply [1:2](10) errno=0\r",
                "[    2.566229] FIT: In Call [1:2](11)\r",
                "[    2.566334] FIT: Out Reply [1:2](11) errno=0\r",
                "[    2.566935] FIT: In Call [1:2](12)\r",
                "[    2.567040] FIT: Out Reply [1:2](12) errno=0\r",
                "[    2.567979] FIT: In Call [1:2](13)\r",
                "[    2.568086] FIT: Out Reply [1:2](13) errno=0\r",
                "[    2.568863] FIT: In Call [1:2](14)\r",
                "[    2.568968] FIT: Out Reply [1:2](14) errno=0\r",
                "[    2.569552] FIT: In Call [1:2](15)\r",
                "[    2.569657] FIT: Out Reply [1:2](15) errno=0\r",
                "[    2.570250] FIT: In Call [1:2](16)\r",
                "[    2.570355] FIT: Out Reply [1:2](16) errno=0\r",
                "[    2.570947] FIT: In Call [1:2](17)\r",
                "[    2.571052] FIT: Out Reply [1:2](17) errno=0\r",
                "[    2.571637] FIT: In Call [1:2](18)\r",
                "[    2.571742] FIT: Out Reply [1:2](18) errno=0\r",
                "[    2.572337] FIT: In Call [1:2](19)\r",
                "[    2.572441] FIT: Out Reply [1:2](19) errno=0\r",
                "[    2.573034] FIT: In Call [1:2](20)\r",
                "[    2.573147] FIT: Out Reply [1:2](20) errno=0\r",
                "[    2.573732] FIT: In Call [1:2](21)\r",
                "[    2.573837] FIT: Out Reply [1:2](21) errno=0\r",
                "[    2.574422] FIT: In Call [1:2](22)\r",
                "[    2.574526] FIT: Out Reply [1:2](22) errno=0\r",
                "[    2.575023] FIT: In Call [0:2](22)\r",
                "[    2.575027] handle_access_request /etc/ld.so.nohwcap 0, -2\r",
                "[    2.575091] FIT: Out Reply [0:2](22) errno=0\r",
                "[    2.575311] FIT: In Call [1:2](23)\r",
                "[    2.575416] FIT: Out Reply [1:2](23) errno=0\r",
                "[    2.576010] FIT: In Call [1:2](24)\r",
                "[    2.576115] FIT: Out Reply [1:2](24) errno=0\r",
                "[    2.576716] FIT: In Call [1:2](25)\r",
                "[    2.576821] FIT: Out Reply [1:2](25) errno=0\r",
                "[    2.577309] FIT: In Call [0:2](26)\r",
                "[    2.577313] handle_access_request /etc/ld.so.preload 4, -2\r",
                "[    2.577377] FIT: Out Reply [0:2](26) errno=0\r",
                "[    2.577597] FIT: In Call [1:2](26)\r",
                "[    2.577702] FIT: Out Reply [1:2](26) errno=0\r",
                "[    2.578287] FIT: In Call [1:2](27)\r",
                "[    2.578391] FIT: Out Reply [1:2](27) errno=0\r",
                "[    2.578968] FIT: In Call [1:2](28)\r",
                "[    2.579073] FIT: Out Reply [1:2](28) errno=0\r",
                "[    2.579666] FIT: In Call [1:2](29)\r",
                "[    2.579770] FIT: Out Reply [1:2](29) errno=0\r",
                "[    2.580269] FIT: In Call [0:2](31)\r",
                "[    2.580336] FIT: Out Reply [0:2](31) errno=0\r",
                "[    2.580460] FIT: In Call [0:2](32)\r",
                "[    2.580528] FIT: Out Reply [0:2](32) errno=0\r",
                "[    2.580933] FIT: In Call [1:2](30)\r",
                "[    2.581037] FIT: Out Reply [1:2](30) errno=0\r",
                "[    2.581534] FIT: In Call [0:2](35)\r",
                "[    2.581537] handle_access_request /etc/ld.so.nohwcap 0, -2\r",
                "[    2.581602] FIT: Out Reply [0:2](35) errno=0\r",
                "[    2.581822] FIT: In Call [1:2](31)\r",
                "[    2.581926] FIT: Out Reply [1:2](31) errno=0\r",
                "[    2.582520] FIT: In Call [1:2](32)\r",
                "[    2.582624] FIT: Out Reply [1:2](32) errno=0\r",
                "[    2.583217] FIT: In Call [1:2](33)\r",
                "[    2.583322] FIT: Out Reply [1:2](33) errno=0\r",
                "[    2.583923] FIT: In Call [1:2](34)\r",
                "[    2.584033] FIT: Out Reply [1:2](34) errno=0\r",
                "[    2.584529] FIT: In Call [0:2](40)\r",
                "[    2.584597] FIT: Out Reply [0:2](40) errno=0\r",
                "[    2.584817] FIT: In Call [1:2](35)\r",
                "[    2.584886] FIT: Out Reply [1:2](35) errno=0\r",
                "[    2.585203] FIT: In Call [1:2](36)\r",
                "[    2.585307] FIT: Out Reply [1:2](36) errno=0\r",
                "[    2.585804] FIT: In Call [0:2](43)\r",
                "[    2.585872] FIT: Out Reply [0:2](43) errno=0\r",
                "[    2.586092] FIT: In Call [1:2](37)\r",
                "[    2.586196] FIT: Out Reply [1:2](37) errno=0\r",
                "[    2.587174] FIT: In Call [1:2](38)\r",
                "[    2.587279] FIT: Out Reply [1:2](38) errno=0\r",
                "[    2.587872] FIT: In Call [1:2](39)\r",
                "[    2.587976] FIT: Out Reply [1:2](39) errno=0\r",
                "[    2.588756] FIT: In Call [1:2](40)\r",
                "[    2.588860] FIT: Out Reply [1:2](40) errno=0\r",
                "[    2.589461] FIT: In Call [1:2](41)\r",
                "[    2.589566] FIT: Out Reply [1:2](41) errno=0\r",
                "[    2.590151] FIT: In Call [1:2](42)\r",
                "[    2.590255] FIT: Out Reply [1:2](42) errno=0\r",
                "[    2.590856] FIT: In Call [1:2](43)\r",
                "[    2.590961] FIT: Out Reply [1:2](43) errno=0\r",
                "[    2.591554] FIT: In Call [1:2](44)\r",
                "[    2.591658] FIT: Out Reply [1:2](44) errno=0\r",
                "[    2.592631] FIT: In Call [1:2](45)\r",
                "[    2.592735] FIT: Out Reply [1:2](45) errno=0\r",
                "[    2.593328] FIT: In Call [1:2](46)\r",
                "[    2.593433] FIT: Out Reply [1:2](46) errno=0\r",
                "[    2.594018] FIT: In Call [1:2](47)\r",
                "[    2.594123] FIT: Out Reply [1:2](47) errno=0\r",
                "[    2.594708] FIT: In Call [1:2](48)\r",
                "[    2.594812] FIT: Out Reply [1:2](48) errno=0\r",
                "[    2.595414] FIT: In Call [1:2](49)\r",
                "[    2.595518] FIT: Out Reply [1:2](49) errno=0\r",
                "[    2.596113] FIT: In Call [1:2](50)\r",
                "[    2.596218] FIT: Out Reply [1:2](50) errno=0\r",
                "[    2.596795] FIT: In Call [1:2](51)\r",
                "[    2.596899] FIT: Out Reply [1:2](51) errno=0\r",
                "[    2.597484] FIT: In Call [1:2](52)\r",
                "[    2.597589] FIT: Out Reply [1:2](52) errno=0\r",
                "[    2.598190] FIT: In Call [1:2](53)\r",
                "[    2.598294] FIT: Out Reply [1:2](53) errno=0\r",
                "[    2.598888] FIT: In Call [1:2](54)\r",
                "[    2.598992] FIT: Out Reply [1:2](54) errno=0\r",
                "[    2.599593] FIT: In Call [1:2](55)\r",
                "[    2.599698] FIT: Out Reply [1:2](55) errno=0\r",
                "[    2.600285] FIT: In Call [1:2](56)\r",
                "[    2.600389] FIT: Out Reply [1:2](56) errno=0\r",
                "[    2.600990] FIT: In Call [1:2](57)\r",
                "[    2.601095] FIT: Out Reply [1:2](57) errno=0\r",
                "[    2.601680] FIT: In Call [1:2](58)\r",
                "[    2.601785] FIT: Out Reply [1:2](58) errno=0\r",
                "[    2.602385] FIT: In Call [1:2](59)\r",
                "[    2.602490] FIT: Out Reply [1:2](59) errno=0\r",
                "[    2.603075] FIT: In Call [1:2](60)\r",
                "[    2.603180] FIT: Out Reply [1:2](60) errno=0\r",
                "[    2.603773] FIT: In Call [1:2](61)\r",
                "[    2.603878] FIT: Out Reply [1:2](61) errno=0\r",
                "[    2.604464] FIT: In Call [1:2](62)\r",
                "[    2.604569] FIT: Out Reply [1:2](62) errno=0\r",
                "[    2.605162] FIT: In Call [1:2](63)\r",
                "[    2.605266] FIT: Out Reply [1:2](63) errno=0\r",
                "[    2.605859] FIT: In Call [1:2](64)\r",
                "[    2.605964] FIT: Out Reply [1:2](64) errno=0\r",
                "[    2.606557] FIT: In Call [1:2](65)\r",
                "[    2.606661] FIT: Out Reply [1:2](65) errno=0\r",
                "[    2.607246] FIT: In Call [1:2](66)\r",
                "[    2.607351] FIT: Out Reply [1:2](66) errno=0\r",
                "[    2.607936] FIT: In Call [1:2](67)\r",
                "[    2.608042] FIT: Out Reply [1:2](67) errno=0\r",
                "[    2.608618] FIT: In Call [1:2](68)\r",
                "[    2.608723] FIT: Out Reply [1:2](68) errno=0\r",
                "[    2.609316] FIT: In Call [1:2](69)\r",
                "[    2.609421] FIT: Out Reply [1:2](69) errno=0\r",
                "[    2.610022] FIT: In Call [1:2](70)\r",
                "[    2.610126] FIT: Out Reply [1:2](70) errno=0\r",
                "[    2.610712] FIT: In Call [1:2](71)\r",
                "[    2.610816] FIT: Out Reply [1:2](71) errno=0\r",
                "[    2.611409] FIT: In Call [1:2](72)\r",
                "[    2.611514] FIT: Out Reply [1:2](72) errno=0\r",
                "[    2.612108] FIT: In Call [1:2](73)\r",
                "[    2.612213] FIT: Out Reply [1:2](73) errno=0\r",
                "[    2.612814] FIT: In Call [1:2](74)\r",
                "[    2.612918] FIT: Out Reply [1:2](74) errno=0\r",
                "[    2.613504] FIT: In Call [1:2](75)\r",
                "[    2.613608] FIT: Out Reply [1:2](75) errno=0\r",
                "[    2.614201] FIT: In Call [1:2](76)\r",
                "[    2.614306] FIT: Out Reply [1:2](76) errno=0\r",
                "[    2.614899] FIT: In Call [1:2](77)\r",
                "[    2.615003] FIT: Out Reply [1:2](77) errno=0\r",
                "[    2.615605] FIT: In Call [1:2](78)\r",
                "[    2.615709] FIT: Out Reply [1:2](78) errno=0\r",
                "[    2.616297] FIT: In Call [1:2](79)\r",
                "[    2.616401] FIT: Out Reply [1:2](79) errno=0\r",
                "[    2.616994] FIT: In Call [1:2](80)\r",
                "[    2.617099] FIT: Out Reply [1:2](80) errno=0\r",
                "[    2.617692] FIT: In Call [1:2](81)\r",
                "[    2.617797] FIT: Out Reply [1:2](81) errno=0\r",
                "[    2.618398] FIT: In Call [1:2](82)\r",
                "[    2.618502] FIT: Out Reply [1:2](82) errno=0\r",
                "[    2.619087] FIT: In Call [1:2](83)\r",
                "[    2.619192] FIT: Out Reply [1:2](83) errno=0\r",
                "[    2.619785] FIT: In Call [1:2](84)\r",
                "[    2.619890] FIT: Out Reply [1:2](84) errno=0\r",
                "[    2.620485] FIT: In Call [1:2](85)\r",
                "[    2.620589] FIT: Out Reply [1:2](85) errno=0\r",
                "[    2.621191] FIT: In Call [1:2](86)\r",
                "[    2.621295] FIT: Out Reply [1:2](86) errno=0\r",
                "[    2.621888] FIT: In Call [1:2](87)\r",
                "[    2.621993] FIT: Out Reply [1:2](87) errno=0\r",
                "[    2.622923] FIT: In Call [1:2](88)\r",
                "[    2.623027] FIT: Out Reply [1:2](88) errno=0\r",
                "[    2.623805] FIT: In Call [1:2](89)\r",
                "[    2.623910] FIT: Out Reply [1:2](89) errno=0\r",
                "[    2.624508] FIT: In Call [1:2](90)\r",
                "[    2.624613] FIT: Out Reply [1:2](90) errno=0\r",
                "[    2.625197] FIT: In Call [1:2](91)\r",
                "[    2.625302] FIT: Out Reply [1:2](91) errno=0\r",
                "[    2.625887] FIT: In Call [1:2](92)\r",
                "[    2.625992] FIT: Out Reply [1:2](92) errno=0\r",
                "[    2.626584] FIT: In Call [1:2](93)\r",
                "[    2.626689] FIT: Out Reply [1:2](93) errno=0\r",
                "[    2.627282] FIT: In Call [1:2](94)\r",
                "[    2.627387] FIT: Out Reply [1:2](94) errno=0\r",
                "[    2.627988] FIT: In Call [1:2](95)\r",
                "[    2.628094] FIT: Out Reply [1:2](95) errno=0\r",
                "[    2.628679] FIT: In Call [1:2](96)\r",
                "[    2.628783] FIT: Out Reply [1:2](96) errno=0\r",
                "[    2.629377] FIT: In Call [1:2](97)\r",
                "[    2.629481] FIT: Out Reply [1:2](97) errno=0\r",
                "[    2.630074] FIT: In Call [1:2](98)\r",
                "[    2.630179] FIT: Out Reply [1:2](98) errno=0\r",
                "[    2.630780] FIT: In Call [1:2](99)\r",
                "[    2.630884] FIT: Out Reply [1:2](99) errno=0\r",
                "[    2.631470] FIT: In Call [1:2](100)\r",
                "[    2.631574] FIT: Out Reply [1:2](100) errno=0\r",
                "[    2.632161] FIT: In Call [1:2](101)\r",
                "[    2.632265] FIT: Out Reply [1:2](101) errno=0\r",
                "[    2.632858] FIT: In Call [1:2](102)\r",
                "[    2.632963] FIT: Out Reply [1:2](102) errno=0\r",
                "[    2.633555] FIT: In Call [1:2](103)\r",
                "[    2.633660] FIT: Out Reply [1:2](103) errno=0\r",
                "[    2.634245] FIT: In Call [1:2](104)\r",
                "[    2.634349] FIT: Out Reply [1:2](104) errno=0\r",
                "[    2.634934] FIT: In Call [1:2](105)\r",
                "[    2.635038] FIT: Out Reply [1:2](105) errno=0\r",
                "[    2.635631] FIT: In Call [1:2](106)\r",
                "[    2.635736] FIT: Out Reply [1:2](106) errno=0\r",
                "[    2.636331] FIT: In Call [1:2](107)\r",
                "[    2.636435] FIT: Out Reply [1:2](107) errno=0\r",
                "[    2.637036] FIT: In Call [1:2](108)\r",
                "[    2.637141] FIT: Out Reply [1:2](108) errno=0\r",
                "[    2.637726] FIT: In Call [1:2](109)\r",
                "[    2.637830] FIT: Out Reply [1:2](109) errno=0\r",
                "[    2.638424] FIT: In Call [1:2](110)\r",
                "[    2.638528] FIT: Out Reply [1:2](110) errno=0\r",
                "[    2.639113] FIT: In Call [1:2](111)\r",
                "[    2.639218] FIT: Out Reply [1:2](111) errno=0\r",
                "[    2.639803] FIT: In Call [1:2](112)\r",
                "[    2.639907] FIT: Out Reply [1:2](112) errno=0\r",
                "[    2.640503] FIT: In Call [1:2](113)\r",
                "[    2.640607] FIT: Out Reply [1:2](113) errno=0\r",
                "[    2.641192] FIT: In Call [1:2](114)\r",
                "[    2.641296] FIT: Out Reply [1:2](114) errno=0\r",
                "[    2.641882] FIT: In Call [1:2](115)\r",
                "[    2.641986] FIT: Out Reply [1:2](115) errno=0\r",
                "[    2.642579] FIT: In Call [1:2](116)\r",
                "[    2.642683] FIT: Out Reply [1:2](116) errno=0\r",
                "[    2.643284] FIT: In Call [1:2](117)\r",
                "[    2.643389] FIT: Out Reply [1:2](117) errno=0\r",
                "[    2.643974] FIT: In Call [1:2](118)\r",
                "[    2.644081] FIT: Out Reply [1:2](118) errno=0\r",
                "[    2.644667] FIT: In Call [1:2](119)\r",
                "[    2.644771] FIT: Out Reply [1:2](119) errno=0\r",
                "[    2.645365] FIT: In Call [1:2](120)\r",
                "[    2.645469] FIT: Out Reply [1:2](120) errno=0\r",
                "[    2.646070] FIT: In Call [1:2](121)\r",
                "[    2.646174] FIT: Out Reply [1:2](121) errno=0\r",
                "[    2.646767] FIT: In Call [1:2](122)\r",
                "[    2.646872] FIT: Out Reply [1:2](122) errno=0\r",
                "[    2.647465] FIT: In Call [1:2](123)\r",
                "[    2.647569] FIT: Out Reply [1:2](123) errno=0\r",
                "[    2.648148] FIT: In Call [1:2](124)\r",
                "[    2.648252] FIT: Out Reply [1:2](124) errno=0\r",
                "[    2.649584] FIT: In Call [1:2](125)\r",
                "[    2.649688] FIT: Out Reply [1:2](125) errno=0\r",
                "[    2.650265] FIT: In Call [1:2](126)\r",
                "[    2.650369] FIT: Out Reply [1:2](126) errno=0\r",
                "[    2.650954] FIT: In Call [1:2](127)\r",
                "[    2.651059] FIT: Out Reply [1:2](127) errno=0\r",
                "[    2.651659] FIT: In Call [1:2](128)\r",
                "[    2.651764] FIT: Out Reply [1:2](128) errno=0\r",
                "[    2.652263] FIT: In Call [0:2](146)\r",
                "[    2.652331] FIT: Out Reply [0:2](146) errno=0\r",
                "[    2.652551] FIT: In Call [1:2](129)\r",
                "[    2.652655] FIT: Out Reply [1:2](129) errno=0\r",
                "[    2.653160] FIT: In Call [0:2](148)\r",
                "[    2.653228] FIT: Out Reply [0:2](148) errno=0\r",
                "[    2.653456] FIT: In Call [1:2](130)\r",
                "[    2.653561] FIT: Out Reply [1:2](130) errno=0\r",
                "[    2.654346] FIT: In Call [1:2](131)\r",
                "[    2.654450] FIT: Out Reply [1:2](131) errno=0\r",
                "[    2.655043] FIT: In Call [1:2](132)\r",
                "[    2.655147] FIT: Out Reply [1:2](132) errno=0\r",
                "[    2.655740] FIT: In Call [1:2](133)\r",
                "[    2.655845] FIT: Out Reply [1:2](133) errno=0\r",
                "[    2.656431] FIT: In Call [1:2](134)\r",
                "[    2.656536] FIT: Out Reply [1:2](134) errno=0\r",
                "[    2.657137] FIT: In Call [1:2](135)\r",
                "[    2.657241] FIT: Out Reply [1:2](135) errno=0\r",
                "[    2.657826] FIT: In Call [1:2](136)\r",
                "[    2.657931] FIT: Out Reply [1:2](136) errno=0\r",
                "[    2.658532] FIT: In Call [1:2](137)\r",
                "[    2.658637] FIT: Out Reply [1:2](137) errno=0\r",
                "[    2.659222] FIT: In Call [1:2](138)\r",
                "[    2.659326] FIT: Out Reply [1:2](138) errno=0\r",
                "[    2.659911] FIT: In Call [1:2](139)\r",
                "[    2.660017] FIT: Out Reply [1:2](139) errno=0\r",
                "[    2.660602] FIT: In Call [1:2](140)\r",
                "[    2.660706] FIT: Out Reply [1:2](140) errno=0\r",
                "[    2.661299] FIT: In Call [1:2](141)\r",
                "[    2.661404] FIT: Out Reply [1:2](141) errno=0\r",
                "[    2.661989] FIT: In Call [1:2](142)\r",
                "[    2.662094] FIT: Out Reply [1:2](142) errno=0\r",
                "[    2.662679] FIT: In Call [1:2](143)\r",
                "[    2.662783] FIT: Out Reply [1:2](143) errno=0\r",
                "[    2.663384] FIT: In Call [1:2](144)\r",
                "[    2.663489] FIT: Out Reply [1:2](144) errno=0\r",
                "[    2.664076] FIT: In Call [1:2](145)\r",
                "[    2.664180] FIT: Out Reply [1:2](145) errno=0\r",
                "[    2.665110] FIT: In Call [1:2](146)\r",
                "[    2.665214] FIT: Out Reply [1:2](146) errno=0\r",
                "[    2.665807] FIT: In Call [1:2](147)\r",
                "[    2.665912] FIT: Out Reply [1:2](147) errno=0\r",
                "[    2.666513] FIT: In Call [1:2](148)\r",
                "[    2.666617] FIT: Out Reply [1:2](148) errno=0\r",
                "[    2.667202] FIT: In Call [1:2](149)\r",
                "[    2.667306] FIT: Out Reply [1:2](149) errno=0\r",
                "[    2.667900] FIT: In Call [1:2](150)\r",
                "[    2.668007] FIT: Out Reply [1:2](150) errno=0\r",
                "[    2.668593] FIT: In Call [1:2](151)\r",
                "[    2.668697] FIT: Out Reply [1:2](151) errno=0\r",
                "[    2.669291] FIT: In Call [1:2](152)\r",
                "[    2.669395] FIT: Out Reply [1:2](152) errno=0\r",
                "[    2.670181] FIT: In Call [1:2](153)\r",
                "[    2.670285] FIT: Out Reply [1:2](153) errno=0\r",
                "[    2.670870] FIT: In Call [1:2](154)\r",
                "[    2.670974] FIT: Out Reply [1:2](154) errno=0\r",
                "[    2.671559] FIT: In Call [1:2](155)\r",
                "[    2.671664] FIT: Out Reply [1:2](155) errno=0\r",
                "[    2.672258] FIT: In Call [1:2](156)\r",
                "[    2.672363] FIT: Out Reply [1:2](156) errno=0\r",
                "[    2.673148] FIT: In Call [1:2](157)\r",
                "[    2.673252] FIT: Out Reply [1:2](157) errno=0\r"
            ],
            "stderr": [
                "qemu-system-x86_64: -icount shift=-2,sleep=off: warning: time_shift=-2",
                "qemu-system-x86_64: warning: TCG doesn't support requested feature: CPUID.01H:ECX.fma [bit 12]",
                "qemu-system-x86_64: warning: TCG doesn't support requested feature: CPUID.01H:ECX.pcid [bit 17]",
                "qemu-system-x86_64: warning: TCG doesn't support requested feature: CPUID.01H:ECX.x2apic [bit 21]",
                "qemu-system-x86_64: warning: TCG doesn't support requested feature: CPUID.01H:ECX.tsc-deadline [bit 24]",
                "qemu-system-x86_64: warning: TCG doesn't support requested feature: CPUID.01H:ECX.avx [bit 28]",
                "qemu-system-x86_64: warning: TCG doesn't support requested feature: CPUID.01H:ECX.f16c [bit 29]",
                "qemu-system-x86_64: warning: TCG doesn't support requested feature: CPUID.07H:EBX.hle [bit 4]",
                "qemu-system-x86_64: warning: TCG doesn't support requested feature: CPUID.07H:EBX.avx2 [bit 5]",
                "qemu-system-x86_64: warning: TCG doesn't support requested feature: CPUID.07H:EBX.invpcid [bit 10]",
                "qemu-system-x86_64: warning: TCG doesn't support requested feature: CPUID.07H:EBX.rtm [bit 11]",
                "qemu-system-x86_64: warning: TCG doesn't support requested feature: CPUID.07H:EBX.avx512f [bit 16]",
                "qemu-system-x86_64: warning: TCG doesn't support requested feature: CPUID.07H:EBX.avx512dq [bit 17]",
                "qemu-system-x86_64: warning: TCG doesn't support requested feature: CPUID.07H:EBX.rdseed [bit 18]",
                "qemu-system-x86_64: warning: TCG doesn't support requested feature: CPUID.07H:EBX.avx512cd [bit 28]",
                "qemu-system-x86_64: warning: TCG doesn't support requested feature: CPUID.07H:EBX.avx512bw [bit 30]",
                "qemu-system-x86_64: warning: TCG doesn't support requested feature: CPUID.07H:EBX.avx512vl [bit 31]",
                "qemu-system-x86_64: warning: TCG doesn't support requested feature: CPUID.80000001H:ECX.3dnowprefetch [bit 8]",
                "qemu-system-x86_64: warning: TCG doesn't support requested feature: CPUID.0DH:EAX.xsavec [bit 1]",
                "qemu-system-x86_64: warning: TCG doesn't support requested feature: CPUID.01H:ECX.fma [bit 12]",
                "qemu-system-x86_64: warning: TCG doesn't support requested feature: CPUID.01H:ECX.pcid [bit 17]",
                "qemu-system-x86_64: warning: TCG doesn't support requested feature: CPUID.01H:ECX.x2apic [bit 21]",
                "qemu-system-x86_64: warning: TCG doesn't support requested feature: CPUID.01H:ECX.tsc-deadline [bit 24]",
                "qemu-system-x86_64: warning: TCG doesn't support requested feature: CPUID.01H:ECX.avx [bit 28]",
                "qemu-system-x86_64: warning: TCG doesn't support requested feature: CPUID.01H:ECX.f16c [bit 29]",
                "qemu-system-x86_64: warning: TCG doesn't support requested feature: CPUID.07H:EBX.hle [bit 4]",
                "qemu-system-x86_64: warning: TCG doesn't support requested feature: CPUID.07H:EBX.avx2 [bit 5]",
                "qemu-system-x86_64: warning: TCG doesn't support requested feature: CPUID.07H:EBX.invpcid [bit 10]",
                "qemu-system-x86_64: warning: TCG doesn't support requested feature: CPUID.07H:EBX.rtm [bit 11]",
                "qemu-system-x86_64: warning: TCG doesn't support requested feature: CPUID.07H:EBX.avx512f [bit 16]",
                "qemu-system-x86_64: warning: TCG doesn't support requested feature: CPUID.07H:EBX.avx512dq [bit 17]",
                "qemu-system-x86_64: warning: TCG doesn't support requested feature: CPUID.07H:EBX.rdseed [bit 18]",
                "qemu-system-x86_64: warning: TCG doesn't support requested feature: CPUID.07H:EBX.avx512cd [bit 28]",
                "qemu-system-x86_64: warning: TCG doesn't support requested feature: CPUID.07H:EBX.avx512bw [bit 30]",
                "qemu-system-x86_64: warning: TCG doesn't support requested feature: CPUID.07H:EBX.avx512vl [bit 31]",
                "qemu-system-x86_64: warning: TCG doesn't support requested feature: CPUID.80000001H:ECX.3dnowprefetch [bit 8]",
                "qemu-system-x86_64: warning: TCG doesn't support requested feature: CPUID.0DH:EAX.xsavec [bit 1]",
                "qemu-system-x86_64: warning: TCG doesn't support requested feature: CPUID.01H:ECX.fma [bit 12]",
                "qemu-system-x86_64: warning: TCG doesn't support requested feature: CPUID.01H:ECX.pcid [bit 17]",
                "qemu-system-x86_64: warning: TCG doesn't support requested feature: CPUID.01H:ECX.x2apic [bit 21]",
                "qemu-system-x86_64: warning: TCG doesn't support requested feature: CPUID.01H:ECX.tsc-deadline [bit 24]",
                "qemu-system-x86_64: warning: TCG doesn't support requested feature: CPUID.01H:ECX.avx [bit 28]",
                "qemu-system-x86_64: warning: TCG doesn't support requested feature: CPUID.01H:ECX.f16c [bit 29]",
                "qemu-system-x86_64: warning: TCG doesn't support requested feature: CPUID.07H:EBX.hle [bit 4]",
                "qemu-system-x86_64: warning: TCG doesn't support requested feature: CPUID.07H:EBX.avx2 [bit 5]",
                "qemu-system-x86_64: warning: TCG doesn't support requested feature: CPUID.07H:EBX.invpcid [bit 10]",
                "qemu-system-x86_64: warning: TCG doesn't support requested feature: CPUID.07H:EBX.rtm [bit 11]",
                "qemu-system-x86_64: warning: TCG doesn't support requested feature: CPUID.07H:EBX.avx512f [bit 16]",
                "qemu-system-x86_64: warning: TCG doesn't support requested feature: CPUID.07H:EBX.avx512dq [bit 17]",
                "qemu-system-x86_64: warning: TCG doesn't support requested feature: CPUID.07H:EBX.rdseed [bit 18]",
                "qemu-system-x86_64: warning: TCG doesn't support requested feature: CPUID.07H:EBX.avx512cd [bit 28]",
                "qemu-system-x86_64: warning: TCG doesn't support requested feature: CPUID.07H:EBX.avx512bw [bit 30]",
                "qemu-system-x86_64: warning: TCG doesn't support requested feature: CPUID.07H:EBX.avx512vl [bit 31]",
                "qemu-system-x86_64: warning: TCG doesn't support requested feature: CPUID.80000001H:ECX.3dnowprefetch [bit 8]",
                "qemu-system-x86_64: warning: TCG doesn't support requested feature: CPUID.0DH:EAX.xsavec [bit 1]",
                "qemu-system-x86_64: warning: TCG doesn't support requested feature: CPUID.01H:ECX.fma [bit 12]",
                "qemu-system-x86_64: warning: TCG doesn't support requested feature: CPUID.01H:ECX.pcid [bit 17]",
                "qemu-system-x86_64: warning: TCG doesn't support requested feature: CPUID.01H:ECX.x2apic [bit 21]",
                "qemu-system-x86_64: warning: TCG doesn't support requested feature: CPUID.01H:ECX.tsc-deadline [bit 24]",
                "qemu-system-x86_64: warning: TCG doesn't support requested feature: CPUID.01H:ECX.avx [bit 28]",
                "qemu-system-x86_64: warning: TCG doesn't support requested feature: CPUID.01H:ECX.f16c [bit 29]",
                "qemu-system-x86_64: warning: TCG doesn't support requested feature: CPUID.07H:EBX.hle [bit 4]",
                "qemu-system-x86_64: warning: TCG doesn't support requested feature: CPUID.07H:EBX.avx2 [bit 5]",
                "qemu-system-x86_64: warning: TCG doesn't support requested feature: CPUID.07H:EBX.invpcid [bit 10]",
                "qemu-system-x86_64: warning: TCG doesn't support requested feature: CPUID.07H:EBX.rtm [bit 11]",
                "qemu-system-x86_64: warning: TCG doesn't support requested feature: CPUID.07H:EBX.avx512f [bit 16]",
                "qemu-system-x86_64: warning: TCG doesn't support requested feature: CPUID.07H:EBX.avx512dq [bit 17]",
                "qemu-system-x86_64: warning: TCG doesn't support requested feature: CPUID.07H:EBX.rdseed [bit 18]",
                "qemu-system-x86_64: warning: TCG doesn't support requested feature: CPUID.07H:EBX.avx512cd [bit 28]",
                "qemu-system-x86_64: warning: TCG doesn't support requested feature: CPUID.07H:EBX.avx512bw [bit 30]",
                "qemu-system-x86_64: warning: TCG doesn't support requested feature: CPUID.07H:EBX.avx512vl [bit 31]",
                "qemu-system-x86_64: warning: TCG doesn't support requested feature: CPUID.80000001H:ECX.3dnowprefetch [bit 8]",
                "qemu-system-x86_64: warning: TCG doesn't support requested feature: CPUID.0DH:EAX.xsavec [bit 1]",
                "qemu-system-x86_64: warning: TCG doesn't support requested feature: CPUID.01H:ECX.fma [bit 12]",
                "qemu-system-x86_64: warning: TCG doesn't support requested feature: CPUID.01H:ECX.pcid [bit 17]",
                "qemu-system-x86_64: warning: TCG doesn't support requested feature: CPUID.01H:ECX.x2apic [bit 21]",
                "qemu-system-x86_64: warning: TCG doesn't support requested feature: CPUID.01H:ECX.tsc-deadline [bit 24]",
                "qemu-system-x86_64: warning: TCG doesn't support requested feature: CPUID.01H:ECX.avx [bit 28]",
                "qemu-system-x86_64: warning: TCG doesn't support requested feature: CPUID.01H:ECX.f16c [bit 29]",
                "qemu-system-x86_64: warning: TCG doesn't support requested feature: CPUID.07H:EBX.hle [bit 4]",
                "qemu-system-x86_64: warning: TCG doesn't support requested feature: CPUID.07H:EBX.avx2 [bit 5]",
                "qemu-system-x86_64: warning: TCG doesn't support requested feature: CPUID.07H:EBX.invpcid [bit 10]",
                "qemu-system-x86_64: warning: TCG doesn't support requested feature: CPUID.07H:EBX.rtm [bit 11]",
                "qemu-system-x86_64: warning: TCG doesn't support requested feature: CPUID.07H:EBX.avx512f [bit 16]",
                "qemu-system-x86_64: warning: TCG doesn't support requested feature: CPUID.07H:EBX.avx512dq [bit 17]",
                "qemu-system-x86_64: warning: TCG doesn't support requested feature: CPUID.07H:EBX.rdseed [bit 18]",
                "qemu-system-x86_64: warning: TCG doesn't support requested feature: CPUID.07H:EBX.avx512cd [bit 28]",
                "qemu-system-x86_64: warning: TCG doesn't support requested feature: CPUID.07H:EBX.avx512bw [bit 30]",
                "qemu-system-x86_64: warning: TCG doesn't support requested feature: CPUID.07H:EBX.avx512vl [bit 31]",
                "qemu-system-x86_64: warning: TCG doesn't support requested feature: CPUID.80000001H:ECX.3dnowprefetch [bit 8]",
                "qemu-system-x86_64: warning: TCG doesn't support requested feature: CPUID.0DH:EAX.xsavec [bit 1]",
                "qemu-system-x86_64: warning: TCG doesn't support requested feature: CPUID.01H:ECX.fma [bit 12]",
                "qemu-system-x86_64: warning: TCG doesn't support requested feature: CPUID.01H:ECX.pcid [bit 17]",
                "qemu-system-x86_64: warning: TCG doesn't support requested feature: CPUID.01H:ECX.x2apic [bit 21]",
                "qemu-system-x86_64: warning: TCG doesn't support requested feature: CPUID.01H:ECX.tsc-deadline [bit 24]",
                "qemu-system-x86_64: warning: TCG doesn't support requested feature: CPUID.01H:ECX.avx [bit 28]",
                "qemu-system-x86_64: warning: TCG doesn't support requested feature: CPUID.01H:ECX.f16c [bit 29]",
                "qemu-system-x86_64: warning: TCG doesn't support requested feature: CPUID.07H:EBX.hle [bit 4]",
                "qemu-system-x86_64: warning: TCG doesn't support requested feature: CPUID.07H:EBX.avx2 [bit 5]",
                "qemu-system-x86_64: warning: TCG doesn't support requested feature: CPUID.07H:EBX.invpcid [bit 10]",
                "qemu-system-x86_64: warning: TCG doesn't support requested feature: CPUID.07H:EBX.rtm [bit 11]",
                "qemu-system-x86_64: warning: TCG doesn't support requested feature: CPUID.07H:EBX.avx512f [bit 16]",
                "qemu-system-x86_64: warning: TCG doesn't support requested feature: CPUID.07H:EBX.avx512dq [bit 17]",
                "qemu-system-x86_64: warning: TCG doesn't support requested feature: CPUID.07H:EBX.rdseed [bit 18]",
                "qemu-system-x86_64: warning: TCG doesn't support requested feature: CPUID.07H:EBX.avx512cd [bit 28]",
                "qemu-system-x86_64: warning: TCG doesn't support requested feature: CPUID.07H:EBX.avx512bw [bit 30]",
                "qemu-system-x86_64: warning: TCG doesn't support requested feature: CPUID.07H:EBX.avx512vl [bit 31]",
                "qemu-system-x86_64: warning: TCG doesn't support requested feature: CPUID.80000001H:ECX.3dnowprefetch [bit 8]",
                "qemu-system-x86_64: warning: TCG doesn't support requested feature: CPUID.0DH:EAX.xsavec [bit 1]",
                "qemu-system-x86_64: warning: TCG doesn't support requested feature: CPUID.01H:ECX.fma [bit 12]",
                "qemu-system-x86_64: warning: TCG doesn't support requested feature: CPUID.01H:ECX.pcid [bit 17]",
                "qemu-system-x86_64: warning: TCG doesn't support requested feature: CPUID.01H:ECX.x2apic [bit 21]",
                "qemu-system-x86_64: warning: TCG doesn't support requested feature: CPUID.01H:ECX.tsc-deadline [bit 24]",
                "qemu-system-x86_64: warning: TCG doesn't support requested feature: CPUID.01H:ECX.avx [bit 28]",
                "qemu-system-x86_64: warning: TCG doesn't support requested feature: CPUID.01H:ECX.f16c [bit 29]",
                "qemu-system-x86_64: warning: TCG doesn't support requested feature: CPUID.07H:EBX.hle [bit 4]",
                "qemu-system-x86_64: warning: TCG doesn't support requested feature: CPUID.07H:EBX.avx2 [bit 5]",
                "qemu-system-x86_64: warning: TCG doesn't support requested feature: CPUID.07H:EBX.invpcid [bit 10]",
                "qemu-system-x86_64: warning: TCG doesn't support requested feature: CPUID.07H:EBX.rtm [bit 11]",
                "qemu-system-x86_64: warning: TCG doesn't support requested feature: CPUID.07H:EBX.avx512f [bit 16]",
                "qemu-system-x86_64: warning: TCG doesn't support requested feature: CPUID.07H:EBX.avx512dq [bit 17]",
                "qemu-system-x86_64: warning: TCG doesn't support requested feature: CPUID.07H:EBX.rdseed [bit 18]",
                "qemu-system-x86_64: warning: TCG doesn't support requested feature: CPUID.07H:EBX.avx512cd [bit 28]",
                "qemu-system-x86_64: warning: TCG doesn't support requested feature: CPUID.07H:EBX.avx512bw [bit 30]",
                "qemu-system-x86_64: warning: TCG doesn't support requested feature: CPUID.07H:EBX.avx512vl [bit 31]",
                "qemu-system-x86_64: warning: TCG doesn't support requested feature: CPUID.80000001H:ECX.3dnowprefetch [bit 8]",
                "qemu-system-x86_64: warning: TCG doesn't support requested feature: CPUID.0DH:EAX.xsavec [bit 1]",
                "qemu-system-x86_64: warning: TCG doesn't support requested feature: CPUID.01H:ECX.fma [bit 12]",
                "qemu-system-x86_64: warning: TCG doesn't support requested feature: CPUID.01H:ECX.pcid [bit 17]",
                "qemu-system-x86_64: warning: TCG doesn't support requested feature: CPUID.01H:ECX.x2apic [bit 21]",
                "qemu-system-x86_64: warning: TCG doesn't support requested feature: CPUID.01H:ECX.tsc-deadline [bit 24]",
                "qemu-system-x86_64: warning: TCG doesn't support requested feature: CPUID.01H:ECX.avx [bit 28]",
                "qemu-system-x86_64: warning: TCG doesn't support requested feature: CPUID.01H:ECX.f16c [bit 29]",
                "qemu-system-x86_64: warning: TCG doesn't support requested feature: CPUID.07H:EBX.hle [bit 4]",
                "qemu-system-x86_64: warning: TCG doesn't support requested feature: CPUID.07H:EBX.avx2 [bit 5]",
                "qemu-system-x86_64: warning: TCG doesn't support requested feature: CPUID.07H:EBX.invpcid [bit 10]",
                "qemu-system-x86_64: warning: TCG doesn't support requested feature: CPUID.07H:EBX.rtm [bit 11]",
                "qemu-system-x86_64: warning: TCG doesn't support requested feature: CPUID.07H:EBX.avx512f [bit 16]",
                "qemu-system-x86_64: warning: TCG doesn't support requested feature: CPUID.07H:EBX.avx512dq [bit 17]",
                "qemu-system-x86_64: warning: TCG doesn't support requested feature: CPUID.07H:EBX.rdseed [bit 18]",
                "qemu-system-x86_64: warning: TCG doesn't support requested feature: CPUID.07H:EBX.avx512cd [bit 28]",
                "qemu-system-x86_64: warning: TCG doesn't support requested feature: CPUID.07H:EBX.avx512bw [bit 30]",
                "qemu-system-x86_64: warning: TCG doesn't support requested feature: CPUID.07H:EBX.avx512vl [bit 31]",
                "qemu-system-x86_64: warning: TCG doesn't support requested feature: CPUID.80000001H:ECX.3dnowprefetch [bit 8]",
                "qemu-system-x86_64: warning: TCG doesn't support requested feature: CPUID.0DH:EAX.xsavec [bit 1]"
            ]
        },
        "host.mcomponent": {
            "class": "LegoKernelQemuHost",
            "cmd": [
                "/home/yiliangw/disaggregation/LegoOS-sim/simbricks/sims/external/qemu/build/x86_64-softmmu/qemu-system-x86_64",
                "-machine",
                "q35",
                "-serial",
                "mon:stdio",
                "-cpu",
                "Skylake-Server",
                "-display",
                "none",
                "-nic",
                "none",
                "-m",
                "8G",
                "-smp",
                "8",
                "-kernel",
                "/home/yiliangw/disaggregation/LegoOS-sim/output/images/lego-kernels/mcomponent.bzImage",
                "-append",
                "earlyprintk=ttyS0 console=ttyS0 memmap=2G$4G ",
                "-L",
                "/home/yiliangw/disaggregation/LegoOS-sim/simbricks/sims/external/qemu/pc-bios/",
                "-icount",
                "shift=-2,sleep=off",
                "-device",
                "simbricks-pci,socket=/home/yiliangw/disaggregation/LegoOS-sim/output/LegoOS-hello-world/0/dev.pci.mcomponent.,sync=on,pci-latency=2000,sync-period=2000"
            ],
            "stdout": [
                "HEAP: 0x4000  HEAP_END: 0xfd60  STACK_END: 0xfd60  STACK_SIZE: 0x200\r",
                "[    0.000000] LegoOS version 4.0.0-lego (root@21153b5c66a6) (gcc version 4.8.4 (Ubuntu 4.8.4-2ubuntu1~14.04.4) ) #2 SMP Mon Jan 8 08:04:45 UTC 2024\r",
                "[    0.000000] Command line: earlyprintk=ttyS0 console=ttyS0 memmap=2G$4G \r",
                "[    0.000000] e820: BIOS-provided physical RAM map:\r",
                "[    0.000000] BIOS-e820: [mem 0x0000000000000000-0x000000000009fbff] usable\r",
                "[    0.000000] BIOS-e820: [mem 0x000000000009fc00-0x000000000009ffff] reserved\r",
                "[    0.000000] BIOS-e820: [mem 0x00000000000f0000-0x00000000000fffff] reserved\r",
                "[    0.000000] BIOS-e820: [mem 0x0000000000100000-0x000000007ffdefff] usable\r",
                "[    0.000000] BIOS-e820: [mem 0x000000007ffdf000-0x000000007fffffff] reserved\r",
                "[    0.000000] BIOS-e820: [mem 0x00000000b0000000-0x00000000bfffffff] reserved\r",
                "[    0.000000] BIOS-e820: [mem 0x00000000fed1c000-0x00000000fed1ffff] reserved\r",
                "[    0.000000] BIOS-e820: [mem 0x00000000fffc0000-0x00000000ffffffff] reserved\r",
                "[    0.000000] BIOS-e820: [mem 0x0000000100000000-0x000000027fffffff] usable\r",
                "[    0.000000] x86/fpu: cpu has FXSR\r",
                "[    0.000000] x86/fpu: cpu has XMM\r",
                "[    0.000000] fpu_user_xstate_size(fpu_kernel_xstate_size): size=512\r",
                "[    0.000000] x86/fpu: cpu has XSAVE\r",
                "[    0.000000] x86/fpu: Supporting XSAVE feature 0x001: 'x87 floating point registers'\r",
                "[    0.000000] x86/fpu: Supporting XSAVE feature 0x002: 'SSE registers'\r",
                "[    0.000000] x86/fpu: Supporting XSAVE feature 0x004: 'AVX registers'\r",
                "[    0.000000] x86/fpu: Supporting XSAVE feature 0x020: 'AVX-512 opmask'\r",
                "[    0.000000] x86/fpu: Supporting XSAVE feature 0x040: 'AVX-512 Hi256'\r",
                "[    0.000000] x86/fpu: Supporting XSAVE feature 0x080: 'AVX-512 ZMM_Hi256'\r",
                "[    0.000000] x86/fpu: Supporting XSAVE feature 0x200: 'Protection Keys User registers'\r",
                "[    0.000000] x86/fpu: xstate_offset[2]:  576, xstate_sizes[2]:  256\r",
                "[    0.000000] x86/fpu: xstate_offset[5]: 1088, xstate_sizes[5]:   64\r",
                "[    0.000000] x86/fpu: xstate_offset[6]: 1152, xstate_sizes[6]:  512\r",
                "[    0.000000] x86/fpu: xstate_offset[7]: 1664, xstate_sizes[7]: 1024\r",
                "[    0.000000] x86/fpu: xstate_offset[9]: 2688, xstate_sizes[9]:    8\r",
                "[    0.000000] x86/fpu: Enabled xstate features 0x2e7, context size: 2696 bytes, using 'standard' format.\r",
                "[    0.000000] x86/fpu: Using 'eager' FPU context switches.\r",
                "[    0.000000] fixmap: [0xffffffffff57d000 - 0xffffffffff7ff000]\r",
                "[    0.000000] early_ioremap: [0xffffffffff200000 - 0xffffffffff3ff000]\r",
                "[    0.000000] vsyscall: va: 0xffffffffff600000 pa: 0x1090000\r",
                "[    0.000000] e820: user-defined physical RAM map:\r",
                "[    0.000000] user: [mem 0x0000000000000000-0x000000000009fbff] usable\r",
                "[    0.000000] user: [mem 0x000000000009fc00-0x000000000009ffff] reserved\r",
                "[    0.000000] user: [mem 0x00000000000f0000-0x00000000000fffff] reserved\r",
                "[    0.000000] user: [mem 0x0000000000100000-0x000000007ffdefff] usable\r",
                "[    0.000000] user: [mem 0x000000007ffdf000-0x000000007fffffff] reserved\r",
                "[    0.000000] user: [mem 0x00000000b0000000-0x00000000bfffffff] reserved\r",
                "[    0.000000] user: [mem 0x00000000fed1c000-0x00000000fed1ffff] reserved\r",
                "[    0.000000] user: [mem 0x00000000fffc0000-0x000000017fffffff] reserved\r",
                "[    0.000000] user: [mem 0x0000000180000000-0x000000027fffffff] usable\r",
                "[    0.000000] e820: last_pfn = 0x280000 max_arch_pfn = 0x400000000\r",
                "[    0.000000] Using GB pages for direct mapping\r",
                "[    0.000000] init_memory_mapping: [mem 0x00000000-0x000fffff]\r",
                "[    0.000000]  [mem 0x00000000-0x000fffff] page 4k\r",
                "[    0.000000] BRK [0x0172d000, 0x0172dfff] PGTABLE\r",
                "[    0.000000] BRK [0x0172e000, 0x0172efff] PGTABLE\r",
                "[    0.000000] BRK [0x0172f000, 0x0172ffff] PGTABLE\r",
                "[    0.000000] init_memory_mapping: [mem 0x27fe00000-0x27fffffff]\r",
                "[    0.000000]  [mem 0x27fe00000-0x27fffffff] page 1G\r",
                "[    0.000000] max_pfn_mapped: 0x280000 -> 0xffff880280000000\r",
                "[    0.000000] init_memory_mapping: [mem 0x260000000-0x27fdfffff]\r",
                "[    0.000000]  [mem 0x260000000-0x27fdfffff] page 1G\r",
                "[    0.000000] max_pfn_mapped: 0x280000 -> 0xffff880280000000\r",
                "[    0.000000] init_memory_mapping: [mem 0x00100000-0x7ffdefff]\r",
                "[    0.000000]  [mem 0x00100000-0x001fffff] page 4k\r",
                "[    0.000000]  [mem 0x00200000-0x7fdfffff] page 2M\r",
                "[    0.000000]  [mem 0x7fe00000-0x7ffdefff] page 4k\r",
                "[    0.000000] init_memory_mapping: [mem 0x180000000-0x25fffffff]\r",
                "[    0.000000]  [mem 0x180000000-0x25fffffff] page 1G\r",
                "[    0.000000] max_pfn_mapped: 0x280000 -> 0xffff880280000000\r",
                "[    0.000000] LAPIC: x2apic: not supported by your CPU\r",
                "[    0.000000] ACPI: RSDP was not found from ffffffffff200c00 + 0x400\r",
                "[    0.000000] ACPI: RSDP 0x00000000000F59E0 000014 (v00 BOCHS )\r",
                "[    0.000000] ACPI: RSDT 0x000000007FFE1FDE 000038 (v01 BOCHS  BXPCRSDT 00000001 BXPC 00000001)\r",
                "[    0.000000] ACPI: FACP 0x000000007FFE1D9E 0000F4 (v03 BOCHS  BXPCFACP 00000001 BXPC 00000001)\r",
                "[    0.000000] ACPI: APIC 0x000000007FFE1E92 0000B0 (v01 BOCHS  BXPCAPIC 00000001 BXPC 00000001)\r",
                "[    0.000000] ACPI: HPET 0x000000007FFE1F42 000038 (v01 BOCHS  BXPCHPET 00000001 BXPC 00000001)\r",
                "[    0.000000] ACPI: MCFG 0x000000007FFE1F7A 00003C (v01 BOCHS  BXPCMCFG 00000001 BXPC 00000001)\r",
                "[    0.000000] ACPI: WAET 0x000000007FFE1FB6 000028 (v01 BOCHS  BXPCWAET 00000001 BXPC 00000001)\r",
                "[    0.000000] ACPI: Local APIC address 0xfee00000\r",
                "[    0.000000] LAPIC: Mapped APIC to 0xffffffffff5ff000 (      0xfee00000)\r",
                "[    0.000000] ACPI: LAPIC (acpi_id[0x00] lapic_id[0x00] enabled)\r",
                "[    0.000000] ACPI: LAPIC (acpi_id[0x01] lapic_id[0x01] enabled)\r",
                "[    0.000000] ACPI: LAPIC (acpi_id[0x02] lapic_id[0x02] enabled)\r",
                "[    0.000000] ACPI: LAPIC (acpi_id[0x03] lapic_id[0x03] enabled)\r",
                "[    0.000000] ACPI: LAPIC (acpi_id[0x04] lapic_id[0x04] enabled)\r",
                "[    0.000000] ACPI: LAPIC (acpi_id[0x05] lapic_id[0x05] enabled)\r",
                "[    0.000000] ACPI: LAPIC (acpi_id[0x06] lapic_id[0x06] enabled)\r",
                "[    0.000000] ACPI: LAPIC (acpi_id[0x07] lapic_id[0x07] enabled)\r",
                "[    0.000000] ACPI: LAPIC_NMI (acpi_id[0xff] dfl dfl lint[0x1])\r",
                "[    0.000000] ACPI: IOAPIC (id[0x00] address[0xfec00000] gsi_base[0])\r",
                "[    0.000000] IO-APIC: IOAPIC[0]: apic_id 0, version 32, address 0xfec00000, nr_redir_entries 24, GSI 0-23\r",
                "[    0.000000] ACPI: INT_SRC_OVR (bus 0 bus_irq 0 global_irq 2 dfl dfl)\r",
                "[    0.000000] IO-APIC: Int: type 0, pol 0, trig 0, bus 00, IRQ 00, APIC ID 0, APIC INT 02\r",
                "[    0.000000] ACPI: INT_SRC_OVR (bus 0 bus_irq 5 global_irq 5 high level)\r",
                "[    0.000000] IO-APIC: Int: type 0, pol 1, trig 3, bus 00, IRQ 05, APIC ID 0, APIC INT 05\r",
                "[    0.000000] ACPI: INT_SRC_OVR (bus 0 bus_irq 9 global_irq 9 high level)\r",
                "[    0.000000] IO-APIC: Int: type 0, pol 1, trig 3, bus 00, IRQ 09, APIC ID 0, APIC INT 09\r",
                "[    0.000000] ACPI: INT_SRC_OVR (bus 0 bus_irq 10 global_irq 10 high level)\r",
                "[    0.000000] IO-APIC: Int: type 0, pol 1, trig 3, bus 00, IRQ 0a, APIC ID 0, APIC INT 0a\r",
                "[    0.000000] ACPI: INT_SRC_OVR (bus 0 bus_irq 11 global_irq 11 high level)\r",
                "[    0.000000] IO-APIC: Int: type 0, pol 1, trig 3, bus 00, IRQ 0b, APIC ID 0, APIC INT 0b\r",
                "[    0.000000] ACPI: Bus #0 is ISA\r",
                "[    0.000000] ACPI: IRQ0 used by override.\r",
                "[    0.000000] IO-APIC: Int: type 0, pol 0, trig 0, bus 00, IRQ 01, APIC ID 0, APIC INT 01\r",
                "[    0.000000] IO-APIC: Int: type 0, pol 0, trig 0, bus 00, IRQ 03, APIC ID 0, APIC INT 03\r",
                "[    0.000000] IO-APIC: Int: type 0, pol 0, trig 0, bus 00, IRQ 04, APIC ID 0, APIC INT 04\r",
                "[    0.000000] ACPI: IRQ5 used by override.\r",
                "[    0.000000] IO-APIC: Int: type 0, pol 0, trig 0, bus 00, IRQ 06, APIC ID 0, APIC INT 06\r",
                "[    0.000000] IO-APIC: Int: type 0, pol 0, trig 0, bus 00, IRQ 07, APIC ID 0, APIC INT 07\r",
                "[    0.000000] IO-APIC: Int: type 0, pol 0, trig 0, bus 00, IRQ 08, APIC ID 0, APIC INT 08\r",
                "[    0.000000] ACPI: IRQ9 used by override.\r",
                "[    0.000000] ACPI: IRQ10 used by override.\r",
                "[    0.000000] ACPI: IRQ11 used by override.\r",
                "[    0.000000] IO-APIC: Int: type 0, pol 0, trig 0, bus 00, IRQ 0c, APIC ID 0, APIC INT 0c\r",
                "[    0.000000] IO-APIC: Int: type 0, pol 0, trig 0, bus 00, IRQ 0d, APIC ID 0, APIC INT 0d\r",
                "[    0.000000] IO-APIC: Int: type 0, pol 0, trig 0, bus 00, IRQ 0e, APIC ID 0, APIC INT 0e\r",
                "[    0.000000] IO-APIC: Int: type 0, pol 0, trig 0, bus 00, IRQ 0f, APIC ID 0, APIC INT 0f\r",
                "[    0.000000] ACPI: Using ACPI (MADT) for SMP configuration\r",
                "[    0.000000] ACPI: HPET id: 0x8086a201 base: 0xfed00000\r",
                "[    0.000000] SRAT: NUMA Disabled, because no SRAT table found\r",
                "[    0.000000] No NUMA configuration found\r",
                "[    0.000000] Faking a node at [mem 0x0000000000000000-0x000000027fffffff]\r",
                "[    0.000000] NODE_DATA(0) allocated [mem 0x27fffd000-0x27fffdfff]\r",
                "[    0.000000] Copy Trampoline Code: [ffffffff811b3140 - ffffffff811b3300] -> [0x90000 - 0x901c0]\r",
                "[    0.000000] x86/nops: ideal_nops is k8_nops+0x0/0x60\r",
                "[    0.000000] Last level iTLB entries: 4KB 0, 2MB 0, 4MB 0\r",
                "[    0.000000] Last level dTLB entries: 4KB 0, 2MB 0, 4MB 0, 1GB 0\r",
                "[    0.000000] CPU: Physical Processor ID: 0\r",
                "[    0.000000] Intel Xeon Processor (Skylake) (family: 0x6, model: 0x55, stepping: 0x4)\r",
                "[    0.000000] x86: setup_arch done\r",
                "[    0.000000] NR_CPUS:8 nr_cpumask_bits:8 nr_cpu_ids:8 nr_node_ids:1\r",
                "[    0.000000] per cpu data for cpu0 2097152 bytes on node0 at PA: 000000027fc00000\r",
                "[    0.000000] Embedded 14 pages/cpu @ffff88027fc00000 s25808 r0 d31536 u262144\r",
                "[    0.000000] pcpu-alloc: s25808 r0 d31536 u262144 alloc=1*2097152\r",
                "[    0.000000] pcpu-alloc: [0] 0 1 2 3 4 5 6 7 \r",
                "[    0.000000] pid: pid_task_map: ffff88027ff7ad40, size: 0x7fff8\r",
                "[    0.000000] fork: arch_task_struct_size: 3720, order: 0 task_struct: 5120\r",
                "[    0.000000] Sorting __ex_table...\r",
                "[    0.000000] futex hash table entries: 16 (order: -2, 1024 bytes)\r",
                "[    0.000000] futex_cmpxchg_enabled: 1\r",
                "[    0.000000] Memory: thpool_buffer [ffff88023fb00000 - 0xffff88027fc00000] 40100000 bytes nr:256 size:4198400\r",
                "[    0.000000] Zone ranges:\r",
                "[    0.000000]   DMA      [mem 0x0000000000000000-0x0000000000ffffff]\r",
                "[    0.000000]   DMA32    [mem 0x0000000001000000-0x00000000ffffffff]\r",
                "[    0.000000]   Normal   [mem 0x0000000100000000-0x000000027fffffff]\r",
                "[    0.000000]   Movable  empty\r",
                "[    0.000000] Early memory node ranges\r",
                "[    0.000000]   node   0: [mem 0x0000000000000000-0x000000000009efff]\r",
                "[    0.000000]   node   0: [mem 0x0000000000100000-0x000000007ffdefff]\r",
                "[    0.000000]   node   0: [mem 0x0000000180000000-0x000000027fffffff]\r",
                "[    0.000000] Initmem setup node 0 [mem 0x0000000000000000-0x000000027fffffff]\r",
                "[    0.000000] On node 0 totalpages: 1572734\r",
                "[    0.000000]   DMA zone: 64 pages used in memmap\r",
                "[    0.000000]   DMA zone: 0 pages reserved\r",
                "[    0.000000]   DMA32 zone: 8128 pages used in memmap\r",
                "[    0.000000]   Normal zone: 16384 pages used in memmap\r",
                "[    0.000000] zonelist_order: Node\r",
                "[    0.000000] Node 0 Page Allocation Order\r",
                "[    0.000000]    zone: node=0, name=Normal \t [0x100000000 - 0x27fffffff]\r",
                "[    0.000000]    zone: node=0, name=DMA32 \t [0x1000000 - 0xffffffff]\r",
                "[    0.000000]    zone: node=0, name=DMA \t [0x0 - 0xffffff]\r",
                "[    0.000000] NR_IRQS:4352\r",
                "[    0.000000] Default domain set to @0xffff88027fdce008\r",
                "[    0.000000] refined-jiffies: mask: 0xffffffff max_cycles: 0xffffffff, max_idle_ns: 19112604462750000 ns\r",
                "[    0.000000] Switched to clocksource refined-jiffies\r",
                "[    0.000000] HPET: Detected 100000.000 MHz HPET\r",
                "[    0.000000] hpet: mask: 0xffffffff max_cycles: 0xffffffff, max_idle_ns: 19112604467 ns\r",
                "[    0.000000] Switched to clocksource hpet\r",
                "[    0.000000] HPET: hpet shutdown\r",
                "[    0.000000] HPET: hpet clockevent registered\r",
                "[    0.000000] TSC: Fast TSC calibration failed\r",
                "[    0.000000] TSC: PIT calibration matches HPET. 1 loops\r",
                "[    4.294967] TSC: Detected 1000.000 MHz processor\r",
                "[    4.294969] TSC: tsc_now: 618948089, ns_now: 0, cyc2ns_mul: 2147483648, cyc2ns_shift: 31, cyc2ns_offset: 3676019207\r",
                "[    4.294973] tsc: mask: 0xffffffffffffffff max_cycles: 0x1cd42e4dffb, max_idle_ns: 881590591483 ns\r",
                "[    4.294976] Switched to clocksource tsc\r",
                "[    4.294978] Calibrating delay loop (skipped), value calculated using timer frequency.. \r",
                "[    4.294980] 2000.00 BogoMIPS (lpj=10000000)\r",
                "[    4.294984] Scheduler is up and running\r",
                "[    4.294986] LAPIC: Original APIC routing is logical flat\r",
                "[    4.294990]  name              mapped  linear-max  direct-max  devtree-node\r",
                "[    4.294993]  x86_ioapic-0          24          24           0  \r",
                "[    4.294995]  x86_msi                0           0           0  \r",
